Component: ARM Compiler 5.06 update 4 (build 422) Tool: armlink [4d35d2]

==============================================================================

Section Cross References

    main.o(i.main) refers to delay.o(i.delay_init) for delay_init
    main.o(i.main) refers to delay.o(i.delay_ms) for delay_ms
    main.o(i.main) refers to hg25664.o(i.OLED_Initialization) for OLED_Initialization
    main.o(i.main) refers to keyled.o(i.keyGpioInit) for keyGpioInit
    main.o(i.main) refers to keyled.o(i.ExtInterruptInit) for ExtInterruptInit
    main.o(i.main) refers to keyled.o(i.LedGPIOInit) for LedGPIOInit
    main.o(i.main) refers to masterspi3.o(i.FPGA_Init) for FPGA_Init
    main.o(i.main) refers to display.o(i.WaitBoot) for WaitBoot
    main.o(i.main) refers to display.o(i.IBD_Fun) for IBD_Fun
    hg25664.o(i.Fill_RAM) refers to hg25664.o(i.Set_Column_Address) for Set_Column_Address
    hg25664.o(i.Fill_RAM) refers to hg25664.o(i.Set_Row_Address) for Set_Row_Address
    hg25664.o(i.Fill_RAM) refers to hg25664.o(i.Set_Write_RAM) for Set_Write_RAM
    hg25664.o(i.Fill_RAM) refers to hg25664.o(i.Write_dat) for Write_dat
    hg25664.o(i.OLED_Initialization) refers to hg25664.o(i.OledGpioInit) for OledGpioInit
    hg25664.o(i.OLED_Initialization) refers to stm32f4xx_gpio.o(i.GPIO_WriteBit) for GPIO_WriteBit
    hg25664.o(i.OLED_Initialization) refers to delay.o(i.delay_ms) for delay_ms
    hg25664.o(i.OLED_Initialization) refers to hg25664.o(i.Write_cmd) for Write_cmd
    hg25664.o(i.OLED_Initialization) refers to hg25664.o(i.Write_dat) for Write_dat
    hg25664.o(i.OLED_Initialization) refers to hg25664.o(i.Set_Column_Address) for Set_Column_Address
    hg25664.o(i.OLED_Initialization) refers to hg25664.o(i.Set_Row_Address) for Set_Row_Address
    hg25664.o(i.OLED_Initialization) refers to hg25664.o(i.Fill_RAM) for Fill_RAM
    hg25664.o(i.OledGpioInit) refers to stm32f4xx_rcc.o(i.RCC_AHB1PeriphClockCmd) for RCC_AHB1PeriphClockCmd
    hg25664.o(i.OledGpioInit) refers to stm32f4xx_gpio.o(i.GPIO_Init) for GPIO_Init
    hg25664.o(i.ReadFromOled) refers to stm32f4xx_gpio.o(i.GPIO_Write) for GPIO_Write
    hg25664.o(i.ReadFromOled) refers to stm32f4xx_gpio.o(i.GPIO_WriteBit) for GPIO_WriteBit
    hg25664.o(i.ReadFromOled) refers to stm32f4xx_gpio.o(i.GPIO_ReadInputData) for GPIO_ReadInputData
    hg25664.o(i.Set_Column_Address) refers to hg25664.o(i.Write_cmd) for Write_cmd
    hg25664.o(i.Set_Column_Address) refers to hg25664.o(i.Write_dat) for Write_dat
    hg25664.o(i.Set_Remap_Format) refers to hg25664.o(i.Write_cmd) for Write_cmd
    hg25664.o(i.Set_Remap_Format) refers to hg25664.o(i.Write_dat) for Write_dat
    hg25664.o(i.Set_Row_Address) refers to hg25664.o(i.Write_cmd) for Write_cmd
    hg25664.o(i.Set_Row_Address) refers to hg25664.o(i.Write_dat) for Write_dat
    hg25664.o(i.Set_Write_RAM) refers to hg25664.o(i.Write_cmd) for Write_cmd
    hg25664.o(i.WriteToOled) refers to stm32f4xx_gpio.o(i.GPIO_WriteBit) for GPIO_WriteBit
    hg25664.o(i.WriteToOled) refers to stm32f4xx_gpio.o(i.GPIO_Write) for GPIO_Write
    hg25664.o(i.Write_cmd) refers to hg25664.o(i.WriteToOled) for WriteToOled
    hg25664.o(i.Write_dat) refers to hg25664.o(i.WriteToOled) for WriteToOled
    delay.o(i.delay_init) refers to misc.o(i.SysTick_CLKSourceConfig) for SysTick_CLKSourceConfig
    delay.o(i.delay_init) refers to delay.o(.data) for fac_us
    delay.o(i.delay_ms) refers to delay.o(i.delay_xms) for delay_xms
    delay.o(i.delay_us) refers to delay.o(.data) for fac_us
    delay.o(i.delay_xms) refers to delay.o(.data) for fac_ms
    dispchar.o(i.change) refers to hg25664.o(i.Write_dat) for Write_dat
    dispchar.o(i.show_string) refers to dispchar.o(i.write_oled8) for write_oled8
    dispchar.o(i.show_string) refers to dispchar.o(i.write_oled816) for write_oled816
    dispchar.o(i.write_oled8) refers to hg25664.o(i.Set_Remap_Format) for Set_Remap_Format
    dispchar.o(i.write_oled8) refers to hg25664.o(i.Set_Column_Address) for Set_Column_Address
    dispchar.o(i.write_oled8) refers to hg25664.o(i.Set_Row_Address) for Set_Row_Address
    dispchar.o(i.write_oled8) refers to hg25664.o(i.Set_Write_RAM) for Set_Write_RAM
    dispchar.o(i.write_oled8) refers to dispchar.o(i.change) for change
    dispchar.o(i.write_oled8) refers to font.o(.constdata) for Font88
    dispchar.o(i.write_oled816) refers to hg25664.o(i.Set_Remap_Format) for Set_Remap_Format
    dispchar.o(i.write_oled816) refers to hg25664.o(i.Set_Column_Address) for Set_Column_Address
    dispchar.o(i.write_oled816) refers to hg25664.o(i.Set_Row_Address) for Set_Row_Address
    dispchar.o(i.write_oled816) refers to hg25664.o(i.Set_Write_RAM) for Set_Write_RAM
    dispchar.o(i.write_oled816) refers to dispchar.o(i.change) for change
    dispchar.o(i.write_oled816) refers to font.o(.constdata) for Font816
    drawpic.o(i.draw84Block) refers to hg25664.o(i.Set_Remap_Format) for Set_Remap_Format
[...]
    .ARM.Collect$$libshutdown$$00000004      0x0800022c   Section        0  libshutdown2.o(.ARM.Collect$$libshutdown$$00000004)
    .ARM.Collect$$libshutdown$$00000007      0x0800022c   Section        0  libshutdown2.o(.ARM.Collect$$libshutdown$$00000007)
    .ARM.Collect$$libshutdown$$0000000A      0x0800022c   Section        0  libshutdown2.o(.ARM.Collect$$libshutdown$$0000000A)
    .ARM.Collect$$libshutdown$$0000000C      0x0800022c   Section        0  libshutdown2.o(.ARM.Collect$$libshutdown$$0000000C)
    .ARM.Collect$$libshutdown$$0000000F      0x0800022c   Section        0  libshutdown2.o(.ARM.Collect$$libshutdown$$0000000F)
    .ARM.Collect$$libshutdown$$00000010      0x0800022c   Section        2  libshutdown2.o(.ARM.Collect$$libshutdown$$00000010)
    .ARM.Collect$$rtentry$$00000000          0x0800022e   Section        0  __rtentry.o(.ARM.Collect$$rtentry$$00000000)
    .ARM.Collect$$rtentry$$00000002          0x0800022e   Section        0  __rtentry2.o(.ARM.Collect$$rtentry$$00000002)
    .ARM.Collect$$rtentry$$00000004          0x0800022e   Section        6  __rtentry4.o(.ARM.Collect$$rtentry$$00000004)
    .ARM.Collect$$rtentry$$00000009          0x08000234   Section        0  __rtentry2.o(.ARM.Collect$$rtentry$$00000009)
    .ARM.Collect$$rtentry$$0000000A          0x08000234   Section        4  __rtentry2.o(.ARM.Collect$$rtentry$$0000000A)
    .ARM.Collect$$rtentry$$0000000C          0x08000238   Section        0  __rtentry2.o(.ARM.Collect$$rtentry$$0000000C)
    .ARM.Collect$$rtentry$$0000000D          0x08000238   Section        8  __rtentry2.o(.ARM.Collect$$rtentry$$0000000D)
    .ARM.Collect$$rtexit$$00000000           0x08000240   Section        2  rtexit.o(.ARM.Collect$$rtexit$$00000000)
    .ARM.Collect$$rtexit$$00000002           0x08000242   Section        0  rtexit2.o(.ARM.Collect$$rtexit$$00000002)
    .ARM.Collect$$rtexit$$00000003           0x08000242   Section        4  rtexit2.o(.ARM.Collect$$rtexit$$00000003)
    .ARM.Collect$$rtexit$$00000004           0x08000246   Section        6  rtexit2.o(.ARM.Collect$$rtexit$$00000004)
    .text                                    0x0800024c   Section       64  startup_stm32f40_41xxx.o(.text)
    $v0                                      0x0800024c   Number         0  startup_stm32f40_41xxx.o(.text)
    .text                                    0x0800028c   Section        0  noretval__2sprintf.o(.text)
    .text                                    0x080002b4   Section        0  _printf_pad.o(.text)
    .text                                    0x08000302   Section        0  _printf_str.o(.text)
    .text                                    0x08000354   Section        0  _printf_dec.o(.text)
    .text                                    0x080003cc   Section        0  __printf_wp.o(.text)
    .text                                    0x080004da   Section      138  rt_memcpy_v6.o(.text)
    .text                                    0x08000564   Section      100  rt_memcpy_w.o(.text)
    .text                                    0x080005c8   Section        0  heapauxi.o(.text)
    .text                                    0x080005ce   Section        0  _printf_intcommon.o(.text)
    .text                                    0x08000680   Section        0  _printf_fp_dec.o(.text)
    _fp_digits                               0x08000683   Thumb Code   428  _printf_fp_dec.o(.text)
    .text                                    0x08000a9c   Section        0  _printf_char_common.o(.text)
    _printf_input_char                       0x08000a9d   Thumb Code    10  _printf_char_common.o(.text)
    .text                                    0x08000acc   Section        0  _sputc.o(.text)
    .text                                    0x08000ad6   Section        0  _printf_char.o(.text)
    .text                                    0x08000b04   Section        8  rt_locale_intlibspace.o(.text)
    .text                                    0x08000b0c   Section      138  lludiv10.o(.text)
    .text                                    0x08000b98   Section        0  _printf_fp_infnan.o(.text)
    .text                                    0x08000c18   Section        0  bigflt0.o(.text)
    .text                                    0x08000cf4   Section        8  libspace.o(.text)
    .text                                    0x08000cfc   Section       74  sys_stackheap_outer.o(.text)
    .text                                    0x08000d46   Section        0  exit.o(.text)
    .text                                    0x08000d58   Section      128  strcmpv7m.o(.text)
    .text                                    0x08000dd8   Section        0  sys_exit.o(.text)
    .text                                    0x08000de4   Section        2  use_no_semi.o(.text)
    .text                                    0x08000de6   Section        0  indicate_semi.o(.text)
    CL$$btod_d2e                             0x08000de6   Section       62  btod.o(CL$$btod_d2e)
    CL$$btod_d2e_denorm_low                  0x08000e24   Section       70  btod.o(CL$$btod_d2e_denorm_low)
    CL$$btod_d2e_norm_op1                    0x08000e6a   Section       96  btod.o(CL$$btod_d2e_norm_op1)
    CL$$btod_div_common                      0x08000eca   Section      824  btod.o(CL$$btod_div_common)
    CL$$btod_e2e                             0x08001202   Section      198  btod.o(CL$$btod_e2e)
    CL$$btod_ediv                            0x080012c8   Section       40  btod.o(CL$$btod_ediv)
    CL$$btod_emul                            0x080012f0   Section       40  btod.o(CL$$btod_emul)
    CL$$btod_mult_common                     0x08001318   Section      580  btod.o(CL$$btod_mult_common)
    i.DispAOIPContent                        0x0800155c   Section        0  display.o(i.DispAOIPContent)
    i.DispAOIPFrame                          0x08001658   Section        0  display.o(i.DispAOIPFrame)
    i.DispC_IPContent                        0x08001678   Section        0  display.o(i.DispC_IPContent)
    i.DispC_IPFrame                          0x08001728   Section        0  display.o(i.DispC_IPFrame)
    i.DispCorrContent                        0x08001738   Section        0  display.o(i.DispCorrContent)
    i.DispCorrFrame                          0x080017a8   Section        0  display.o(i.DispCorrFrame)
    i.DispMainPageCusor                      0x080017b8   Section        0  display.o(i.DispMainPageCusor)
    i.DispMainPageVu                         0x080017e8   Section        0  display.o(i.DispMainPageVu)
    i.DispPage1Content                       0x08001814   Section        0  display.o(i.DispPage1Content)
    i.DispPage1Frame                         0x080018cc   Section        0  display.o(i.DispPage1Frame)
    i.DispPageAlarmFrame                     0x080018dc   Section        0  display.o(i.DispPageAlarmFrame)
    i.DispPageDelayContent                   0x080018f4   Section        0  display.o(i.DispPageDelayContent)
    i.DispPageMain                           0x08001938   Section        0  display.o(i.DispPageMain)
    i.DispPageMeter                          0x08001990   Section        0  display.o(i.DispPageMeter)
    i.DispPageMeterFrame                     0x080019dc   Section        0  display.o(i.DispPageMeterFrame)
    i.DispPageParaFrame                      0x080019ec   Section        0  display.o(i.DispPageParaFrame)
    i.DispParaContent                        0x080019fc   Section        0  display.o(i.DispParaContent)
    i.DisplayKeyLed                          0x08001b28   Section        0  display.o(i.DisplayKeyLed)
    i.EXTI15_10_IRQHandler                   0x08001c14   Section        0  keyled.o(i.EXTI15_10_IRQHandler)
    i.EXTI_ClearITPendingBit                 0x08001c4c   Section        0  stm32f4xx_exti.o(i.EXTI_ClearITPendingBit)
    i.EXTI_Init                              0x08001c58   Section        0  stm32f4xx_exti.o(i.EXTI_Init)
    i.ExtInterruptInit                       0x08001cec   Section        0  keyled.o(i.ExtInterruptInit)
    i.FPGA_Init                              0x08001d3c   Section        0  masterspi3.o(i.FPGA_Init)
    i.Fill_RAM                               0x08001d44   Section        0  hg25664.o(i.Fill_RAM)
    i.GPIO_Init                              0x08001d82   Section        0  stm32f4xx_gpio.o(i.GPIO_Init)
    i.GPIO_PinAFConfig                       0x08001e12   Section        0  stm32f4xx_gpio.o(i.GPIO_PinAFConfig)
    i.GPIO_ReadInputData                     0x08001e58   Section        0  stm32f4xx_gpio.o(i.GPIO_ReadInputData)
    i.GPIO_ReadInputDataBit                  0x08001e60   Section        0  stm32f4xx_gpio.o(i.GPIO_ReadInputDataBit)
    i.GPIO_ResetBits                         0x08001e72   Section        0  stm32f4xx_gpio.o(i.GPIO_ResetBits)
    i.GPIO_SetBits                           0x08001e76   Section        0  stm32f4xx_gpio.o(i.GPIO_SetBits)
    i.GPIO_Write                             0x08001e7a   Section        0  stm32f4xx_gpio.o(i.GPIO_Write)
    i.GPIO_WriteBit                          0x08001e7e   Section        0  stm32f4xx_gpio.o(i.GPIO_WriteBit)
    i.GetDelayTime                           0x08001e88   Section        0  commwithfpga.o(i.GetDelayTime)
    i.GetTimePara                            0x08001ee0   Section        0  commwithfpga.o(i.GetTimePara)
    i.IBD_Fun                                0x08001f90   Section        0  display.o(i.IBD_Fun)
    i.KeySCan                                0x0800208c   Section        0  keyled.o(i.KeySCan)
    i.Key_Fun                                0x08002108   Section        0  keyled.o(i.Key_Fun)
    i.Key_Lock_Scan                          0x08002230   Section        0  keyled.o(i.Key_Lock_Scan)
    i.LedGPIOInit                            0x08002264   Section        0  keyled.o(i.LedGPIOInit)
    i.Led_Display                            0x08002298   Section        0  keyled.o(i.Led_Display)
    i.Led_Driver                             0x0800232c   Section        0  keyled.o(i.Led_Driver)
    i.NVIC_Init                              0x080023c8   Section        0  misc.o(i.NVIC_Init)
    i.OLED_Initialization                    0x08002440   Section        0  hg25664.o(i.OLED_Initialization)
    i.OledContentRefresh                     0x080025e0   Section        0  display.o(i.OledContentRefresh)
    i.OledDispFrame                          0x080027e8   Section        0  display.o(i.OledDispFrame)
    i.OledGpioInit                           0x0800285c   Section        0  hg25664.o(i.OledGpioInit)
    i.RCC_AHB1PeriphClockCmd                 0x080028dc   Section        0  stm32f4xx_rcc.o(i.RCC_AHB1PeriphClockCmd)
    i.RCC_APB1PeriphClockCmd                 0x080028fc   Section        0  stm32f4xx_rcc.o(i.RCC_APB1PeriphClockCmd)
    i.RCC_APB1PeriphResetCmd                 0x0800291c   Section        0  stm32f4xx_rcc.o(i.RCC_APB1PeriphResetCmd)
    i.RCC_APB2PeriphClockCmd                 0x0800293c   Section        0  stm32f4xx_rcc.o(i.RCC_APB2PeriphClockCmd)
    i.ReadMode                               0x0800295c   Section        0  commwithfpga.o(i.ReadMode)
    i.SPI3_ReadByte                          0x080029c8   Section        0  masterspi3.o(i.SPI3_ReadByte)
    i.SPI3_WriteByte                         0x080029e8   Section        0  masterspi3.o(i.SPI3_WriteByte)
    i.SPI_Cmd                                0x08002a08   Section        0  stm32f4xx_spi.o(i.SPI_Cmd)
    i.SPI_I2S_GetFlagStatus                  0x08002a20   Section        0  stm32f4xx_spi.o(i.SPI_I2S_GetFlagStatus)
    i.SPI_I2S_ReceiveData                    0x08002a32   Section        0  stm32f4xx_spi.o(i.SPI_I2S_ReceiveData)
    i.SPI_I2S_SendData                       0x08002a38   Section        0  stm32f4xx_spi.o(i.SPI_I2S_SendData)
    i.SPI_Init                               0x08002a3c   Section        0  stm32f4xx_spi.o(i.SPI_Init)
    i.SYSCFG_EXTILineConfig                  0x08002a78   Section        0  stm32f4xx_syscfg.o(i.SYSCFG_EXTILineConfig)
    i.SendKeyValu                            0x08002ab8   Section        0  commwithfpga.o(i.SendKeyValu)
    i.SetSysClock                            0x08002ac8   Section        0  system_stm32f4xx.o(i.SetSysClock)
    SetSysClock                              0x08002ac9   Thumb Code   220  system_stm32f4xx.o(i.SetSysClock)
    i.Set_Column_Address                     0x08002bb4   Section        0  hg25664.o(i.Set_Column_Address)
    i.Set_Remap_Format                       0x08002bce   Section        0  hg25664.o(i.Set_Remap_Format)
    i.Set_Row_Address                        0x08002be6   Section        0  hg25664.o(i.Set_Row_Address)
    i.Set_Write_RAM                          0x08002c00   Section        0  hg25664.o(i.Set_Write_RAM)
    i.SysTick_CLKSourceConfig                0x08002c0a   Section        0  misc.o(i.SysTick_CLKSourceConfig)
    i.SystemInit                             0x08002c34   Section        0  system_stm32f4xx.o(i.SystemInit)
    i.WaitBoot                               0x08002c9c   Section        0  display.o(i.WaitBoot)
    i.WriteToOled                            0x08002d24   Section        0  hg25664.o(i.WriteToOled)
    i.Write_cmd                              0x08002d80   Section        0  hg25664.o(i.Write_cmd)
    i.Write_dat                              0x08002d90   Section        0  hg25664.o(i.Write_dat)
    i.__ARM_fpclassify                       0x08002da0   Section        0  fpclassify.o(i.__ARM_fpclassify)
    i._is_digit                              0x08002dd0   Section        0  __printf_wp.o(i._is_digit)
    i.change                                 0x08002dde   Section        0  dispchar.o(i.change)
    i.convertToFloat                         0x08002e58   Section        0  commwithfpga.o(i.convertToFloat)
    i.delay_init                             0x08002ed4   Section        0  delay.o(i.delay_init)
    i.delay_ms                               0x08002f10   Section        0  delay.o(i.delay_ms)
    i.delay_us                               0x08002f48   Section        0  delay.o(i.delay_us)
    i.delay_xms                              0x08002f94   Section        0  delay.o(i.delay_xms)
    i.dispPageFont                           0x08002fe0   Section        0  display.o(i.dispPageFont)
    i.displayDelay                           0x08003014   Section        0  display.o(i.displayDelay)
    i.draw84Block                            0x080030e4   Section        0  drawpic.o(i.draw84Block)
    i.drawBigNum                             0x08003154   Section        0  drawpic.o(i.drawBigNum)
    i.drawDelayMask                          0x080032b4   Section        0  drawpic.o(i.drawDelayMask)
    i.drawLine                               0x080032e0   Section        0  drawpic.o(i.drawLine)
    i.drawMeterBar                           0x08003406   Section        0  drawpic.o(i.drawMeterBar)
    i.drawRect                               0x08003498   Section        0  drawpic.o(i.drawRect)
    i.dsipaly_selvu                          0x080036e0   Section        0  commwithfpga.o(i.dsipaly_selvu)
    i.keyGpioInit                            0x08003724   Section        0  keyled.o(i.keyGpioInit)
    i.key_process                            0x08003754   Section        0  keyled.o(i.key_process)
    i.key_sneeze_scan                        0x0800379c   Section        0  keyled.o(i.key_sneeze_scan)
    i.main                                   0x080037e0   Section        0  main.o(i.main)
    i.masterSPI3_Init                        0x0800380c   Section        0  masterspi3.o(i.masterSPI3_Init)
    i.readAOIPDanteName                      0x080038fc   Section        0  commwithfpga.o(i.readAOIPDanteName)
    i.readARMIp                              0x08003960   Section        0  commwithfpga.o(i.readARMIp)
    i.readAllVu                              0x080039d4   Section        0  commwithfpga.o(i.readAllVu)
    i.readCorrFromFpga                       0x08003a08   Section        0  commwithfpga.o(i.readCorrFromFpga)
    i.readDanteIp                            0x08003a48   Section        0  commwithfpga.o(i.readDanteIp)
    i.readFPGAReg                            0x08003a9c   Section        0  masterspi3.o(i.readFPGAReg)
    i.readLocalDanteName                     0x08003b0c   Section        0  commwithfpga.o(i.readLocalDanteName)
    i.readOutVu                              0x08003b40   Section        0  commwithfpga.o(i.readOutVu)
    i.readSrcInputStatus                     0x08003b70   Section        0  commwithfpga.o(i.readSrcInputStatus)
    i.setListenHeadPhone                     0x08003bcc   Section        0  commwithfpga.o(i.setListenHeadPhone)
    i.setMusic                               0x08003bde   Section        0  commwithfpga.o(i.setMusic)
    i.show_string                            0x08003bf0   Section        0  dispchar.o(i.show_string)
    i.vuCaculate                             0x08003c40   Section        0  commwithfpga.o(i.vuCaculate)
    i.vuOutCaculate                          0x08003ccc   Section        0  commwithfpga.o(i.vuOutCaculate)
    i.writeFPGAReg                           0x08003d50   Section        0  masterspi3.o(i.writeFPGAReg)
    i.write_oled8                            0x08003db0   Section        0  dispchar.o(i.write_oled8)
    i.write_oled816                          0x08003e20   Section        0  dispchar.o(i.write_oled816)
    locale$$code                             0x08003e90   Section       44  lc_numeric_c.o(locale$$code)
    x$fpl$d2f                                0x08003ebc   Section       98  d2f.o(x$fpl$d2f)
    $v0                                      0x08003ebc   Number         0  d2f.o(x$fpl$d2f)
    x$fpl$ddiv                               0x08003f20   Section      688  ddiv.o(x$fpl$ddiv)
    $v0                                      0x08003f20   Number         0  ddiv.o(x$fpl$ddiv)
    ddiv_entry                               0x08003f27   Thumb Code     0  ddiv.o(x$fpl$ddiv)
    x$fpl$dfltu                              0x080041d0   Section       38  dflt_clz.o(x$fpl$dfltu)
    $v0                                      0x080041d0   Number         0  dflt_clz.o(x$fpl$dfltu)
    x$fpl$dnaninf                            0x080041f6   Section      156  dnaninf.o(x$fpl$dnaninf)
    $v0                                      0x080041f6   Number         0  dnaninf.o(x$fpl$dnaninf)
    x$fpl$dretinf                            0x08004292   Section       12  dretinf.o(x$fpl$dretinf)
    $v0                                      0x08004292   Number         0  dretinf.o(x$fpl$dretinf)
    x$fpl$f2d                                0x080042a0   Section       86  f2d.o(x$fpl$f2d)
    $v0                                      0x080042a0   Number         0  f2d.o(x$fpl$f2d)
    x$fpl$fnaninf                            0x080042f6   Section      140  fnaninf.o(x$fpl$fnaninf)
    $v0                                      0x080042f6   Number         0  fnaninf.o(x$fpl$fnaninf)
    x$fpl$fpinit                             0x08004382   Section       10  fpinit.o(x$fpl$fpinit)
    $v0                                      0x08004382   Number         0  fpinit.o(x$fpl$fpinit)
    x$fpl$fretinf                            0x0800438c   Section       10  fretinf.o(x$fpl$fretinf)
    $v0                                      0x0800438c   Number         0  fretinf.o(x$fpl$fretinf)
    x$fpl$printf1                            0x08004396   Section        4  printf1.o(x$fpl$printf1)
    $v0                                      0x08004396   Number         0  printf1.o(x$fpl$printf1)
    .constdata                               0x0800439a   Section     2280  font.o(.constdata)
    x$fpl$usenofp                            0x0800439a   Section        0  usenofp.o(x$fpl$usenofp)
    .constdata                               0x08004c84   Section      424  display_data.o(.constdata)
    .constdata                               0x08004e2c   Section      120  commwithfpga.o(.constdata)
    .constdata                               0x08004ea4   Section       76  display.o(.constdata)
    .constdata                               0x08004ef0   Section      148  bigflt0.o(.constdata)
    tenpwrs_x                                0x08004ef0   Data          60  bigflt0.o(.constdata)
    tenpwrs_i                                0x08004f2c   Data          64  bigflt0.o(.constdata)
    .conststring                             0x08004f84   Section      345  display_data.o(.conststring)
    locale$$data                             0x08005100   Section       28  lc_numeric_c.o(locale$$data)
    __lcnum_c_name                           0x08005104   Data           2  lc_numeric_c.o(locale$$data)
    __lcnum_c_start                          0x0800510c   Data           0  lc_numeric_c.o(locale$$data)
    __lcnum_c_point                          0x08005118   Data           0  lc_numeric_c.o(locale$$data)
    __lcnum_c_thousands                      0x0800511a   Data           0  lc_numeric_c.o(locale$$data)
    __lcnum_c_grouping                       0x0800511b   Data           0  lc_numeric_c.o(locale$$data)
    __lcnum_c_end                            0x0800511c   Data           0  lc_numeric_c.o(locale$$data)
    .data                                    0x20000000   Section       84  font.o(.data)
    .data                                    0x20000054   Section        4  delay.o(.data)
    fac_us                                   0x20000054   Data           1  delay.o(.data)
    fac_ms                                   0x20000056   Data           2  delay.o(.data)
    .data                                    0x20000058   Section       96  display_data.o(.data)
    .data                                    0x200000b8   Section       20  display.o(.data)
    currentPage                              0x200000ca   Data           1  display.o(.data)
    currentCursor                            0x200000cb   Data           1  display.o(.data)
    .data                                    0x200000cc   Section        7  keyled.o(.data)
    ledFlag                                  0x200000d2   Data           1  keyled.o(.data)
    .bss                                     0x200000d4   Section      220  display_data.o(.bss)
    .bss                                     0x200001b0   Section       96  libspace.o(.bss)
    HEAP                                     0x20000210   Section      512  startup_stm32f40_41xxx.o(HEAP)
    Heap_Mem                                 0x20000210   Data         512  startup_stm32f40_41xxx.o(HEAP)
    STACK                                    0x20000410   Section     1024  startup_stm32f40_41xxx.o(STACK)
    Stack_Mem                                0x20000410   Data        1024  startup_stm32f40_41xxx.o(STACK)
    __initial_sp                             0x20000810   Data           0  startup_stm32f40_41xxx.o(STACK)

    Global Symbols

    Symbol Name                              Value     Ov Type        Size  Object(Section)

    BuildAttributes$$THM_ISAv4$E$P$D$K$B$S$7EM$VFPi3$EXTD16$VFPS$VFMA$PE$A:L22UL41UL21$X:L11$S22US41US21$IEEE1$IW$USESV6$~STKCKD$USESV7$~SHL$OTIME$ROPI$IEEEJ$EBA8$UX$STANDARDLIB$REQ8$PRES8$EABIv2 0x00000000   Number         0  anon$$obj.o ABSOLUTE
    __ARM_use_no_argv                        0x00000000   Number         0  main.o ABSOLUTE
    _printf_flags                            0x00000000   Number         0  printf_stubs.o ABSOLUTE
    _printf_return_value                     0x00000000   Number         0  printf_stubs.o ABSOLUTE
    _printf_sizespec                         0x00000000   Number         0  printf_stubs.o ABSOLUTE
    _printf_widthprec                        0x00000000   Number         0  printf_stubs.o ABSOLUTE
    __ARM_exceptions_init                     - Undefined Weak Reference
    __alloca_initialize                       - Undefined Weak Reference
    __arm_preinit_                            - Undefined Weak Reference
    __cpp_initialize__aeabi_                  - Undefined Weak Reference
    __cxa_finalize                            - Undefined Weak Reference
    __sigvec_lookup                           - Undefined Weak Reference
    _atexit_init                              - Undefined Weak Reference
    _call_atexit_fns                          - Undefined Weak Reference
    _clock_init                               - Undefined Weak Reference
    _fp_trap_init                             - Undefined Weak Reference
    _fp_trap_shutdown                         - Undefined Weak Reference
    _get_lc_collate                           - Undefined Weak Reference
    _get_lc_ctype                             - Undefined Weak Reference
    _get_lc_monetary                          - Undefined Weak Reference
    _get_lc_time                              - Undefined Weak Reference
    _getenv_init                              - Undefined Weak Reference
    _handle_redirection                       - Undefined Weak Reference
    _init_alloc                               - Undefined Weak Reference
    _init_user_alloc                          - Undefined Weak Reference
    _initio                                   - Undefined Weak Reference
    _printf_mbtowc                            - Undefined Weak Reference
    _printf_truncate_signed                   - Undefined Weak Reference
    _printf_truncate_unsigned                 - Undefined Weak Reference
    _rand_init                                - Undefined Weak Reference
    _signal_finish                            - Undefined Weak Reference
    _signal_init                              - Undefined Weak Reference
    _terminate_alloc                          - Undefined Weak Reference
    _terminate_user_alloc                     - Undefined Weak Reference
    _terminateio                              - Undefined Weak Reference
    __Vectors_Size                           0x00000188   Number         0  startup_stm32f40_41xxx.o ABSOLUTE
    __Vectors                                0x08000000   Data           4  startup_stm32f40_41xxx.o(RESET)
    __Vectors_End                            0x08000188   Data           0  startup_stm32f40_41xxx.o(RESET)
    __main                                   0x08000189   Thumb Code     8  __main.o(!!!main)
    __scatterload                            0x08000191   Thumb Code     0  __scatter.o(!!!scatter)
    __scatterload_rt2                        0x08000191   Thumb Code    44  __scatter.o(!!!scatter)
    __scatterload_rt2_thumb_only             0x08000191   Thumb Code     0  __scatter.o(!!!scatter)
    __scatterload_null                       0x0800019f   Thumb Code     0  __scatter.o(!!!scatter)
    __scatterload_copy                       0x080001c5   Thumb Code    26  __scatter_copy.o(!!handler_copy)
    __scatterload_zeroinit                   0x080001e1   Thumb Code    28  __scatter_zi.o(!!handler_zi)
    _printf_f                                0x080001fd   Thumb Code     0  _printf_f.o(.ARM.Collect$$_printf_percent$$00000003)
    _printf_percent                          0x080001fd   Thumb Code     0  _printf_percent.o(.ARM.Collect$$_printf_percent$$00000000)
    _printf_d                                0x08000203   Thumb Code     0  _printf_d.o(.ARM.Collect$$_printf_percent$$00000009)
    _printf_s                                0x08000209   Thumb Code     0  _printf_s.o(.ARM.Collect$$_printf_percent$$00000014)
    _printf_percent_end                      0x0800020f   Thumb Code     0  _printf_percent_end.o(.ARM.Collect$$_printf_percent$$00000017)
    __rt_lib_init                            0x08000213   Thumb Code     0  libinit.o(.ARM.Collect$$libinit$$00000000)
    __rt_lib_init_fp_1                       0x08000215   Thumb Code     0  libinit2.o(.ARM.Collect$$libinit$$00000001)
    __rt_lib_init_heap_1                     0x08000219   Thumb Code     0  libinit2.o(.ARM.Collect$$libinit$$0000000A)
    __rt_lib_init_lc_common                  0x08000219   Thumb Code     0  libinit2.o(.ARM.Collect$$libinit$$0000000F)
    __rt_lib_init_preinit_1                  0x08000219   Thumb Code     0  libinit2.o(.ARM.Collect$$libinit$$00000004)
    __rt_lib_init_rand_1                     0x08000219   Thumb Code     0  libinit2.o(.ARM.Collect$$libinit$$0000000E)
    __rt_lib_init_user_alloc_1               0x08000219   Thumb Code     0  libinit2.o(.ARM.Collect$$libinit$$0000000C)
    __rt_lib_init_lc_collate_1               0x0800021f   Thumb Code     0  libinit2.o(.ARM.Collect$$libinit$$00000011)
    __rt_lib_init_lc_ctype_1                 0x0800021f   Thumb Code     0  libinit2.o(.ARM.Collect$$libinit$$00000013)
    __rt_lib_init_lc_monetary_1              0x0800021f   Thumb Code     0  libinit2.o(.ARM.Collect$$libinit$$00000015)
    __rt_lib_init_lc_numeric_2               0x0800021f   Thumb Code     0  libinit2.o(.ARM.Collect$$libinit$$00000016)
    __rt_lib_init_alloca_1                   0x08000229   Thumb Code     0  libinit2.o(.ARM.Collect$$libinit$$0000002E)
    __rt_lib_init_argv_1                     0x08000229   Thumb Code     0  libinit2.o(.ARM.Collect$$libinit$$0000002C)
    __rt_lib_init_atexit_1                   0x08000229   Thumb Code     0  libinit2.o(.ARM.Collect$$libinit$$0000001B)
    __rt_lib_init_clock_1                    0x08000229   Thumb Code     0  libinit2.o(.ARM.Collect$$libinit$$00000021)
    __rt_lib_init_cpp_1                      0x08000229   Thumb Code     0  libinit2.o(.ARM.Collect$$libinit$$00000032)
    __rt_lib_init_exceptions_1               0x08000229   Thumb Code     0  libinit2.o(.ARM.Collect$$libinit$$00000030)
    __rt_lib_init_fp_trap_1                  0x08000229   Thumb Code     0  libinit2.o(.ARM.Collect$$libinit$$0000001F)
    __rt_lib_init_getenv_1                   0x08000229   Thumb Code     0  libinit2.o(.ARM.Collect$$libinit$$00000023)
    __rt_lib_init_lc_numeric_1               0x08000229   Thumb Code     0  libinit2.o(.ARM.Collect$$libinit$$00000017)
    __rt_lib_init_lc_time_1                  0x08000229   Thumb Code     0  libinit2.o(.ARM.Collect$$libinit$$00000019)
    __rt_lib_init_return                     0x08000229   Thumb Code     0  libinit2.o(.ARM.Collect$$libinit$$00000033)
    __rt_lib_init_signal_1                   0x08000229   Thumb Code     0  libinit2.o(.ARM.Collect$$libinit$$0000001D)
    __rt_lib_init_stdio_1                    0x08000229   Thumb Code     0  libinit2.o(.ARM.Collect$$libinit$$00000025)
    __rt_lib_shutdown                        0x0800022b   Thumb Code     0  libshutdown.o(.ARM.Collect$$libshutdown$$00000000)
    __rt_lib_shutdown_cpp_1                  0x0800022d   Thumb Code     0  libshutdown2.o(.ARM.Collect$$libshutdown$$00000002)
    __rt_lib_shutdown_fp_trap_1              0x0800022d   Thumb Code     0  libshutdown2.o(.ARM.Collect$$libshutdown$$00000007)
    __rt_lib_shutdown_heap_1                 0x0800022d   Thumb Code     0  libshutdown2.o(.ARM.Collect$$libshutdown$$0000000F)
    __rt_lib_shutdown_return                 0x0800022d   Thumb Code     0  libshutdown2.o(.ARM.Collect$$libshutdown$$00000010)
    __rt_lib_shutdown_signal_1               0x0800022d   Thumb Code     0  libshutdown2.o(.ARM.Collect$$libshutdown$$0000000A)
    __rt_lib_shutdown_stdio_1                0x0800022d   Thumb Code     0  libshutdown2.o(.ARM.Collect$$libshutdown$$00000004)
    __rt_lib_shutdown_user_alloc_1           0x0800022d   Thumb Code     0  libshutdown2.o(.ARM.Collect$$libshutdown$$0000000C)
    __rt_entry                               0x0800022f   Thumb Code     0  __rtentry.o(.ARM.Collect$$rtentry$$00000000)
    __rt_entry_presh_1                       0x0800022f   Thumb Code     0  __rtentry2.o(.ARM.Collect$$rtentry$$00000002)
    __rt_entry_sh                            0x0800022f   Thumb Code     0  __rtentry4.o(.ARM.Collect$$rtentry$$00000004)
    __rt_entry_li                            0x08000235   Thumb Code     0  __rtentry2.o(.ARM.Collect$$rtentry$$0000000A)
    __rt_entry_postsh_1                      0x08000235   Thumb Code     0  __rtentry2.o(.ARM.Collect$$rtentry$$00000009)
    __rt_entry_main                          0x08000239   Thumb Code     0  __rtentry2.o(.ARM.Collect$$rtentry$$0000000D)
    __rt_entry_postli_1                      0x08000239   Thumb Code     0  __rtentry2.o(.ARM.Collect$$rtentry$$0000000C)
    __rt_exit                                0x08000241   Thumb Code     0  rtexit.o(.ARM.Collect$$rtexit$$00000000)
    __rt_exit_ls                             0x08000243   Thumb Code     0  rtexit2.o(.ARM.Collect$$rtexit$$00000003)
    __rt_exit_prels_1                        0x08000243   Thumb Code     0  rtexit2.o(.ARM.Collect$$rtexit$$00000002)
    __rt_exit_exit                           0x08000247   Thumb Code     0  rtexit2.o(.ARM.Collect$$rtexit$$00000004)
    Reset_Handler                            0x0800024d   Thumb Code     8  startup_stm32f40_41xxx.o(.text)
    NMI_Handler                              0x08000255   Thumb Code     2  startup_stm32f40_41xxx.o(.text)
    HardFault_Handler                        0x08000257   Thumb Code     2  startup_stm32f40_41xxx.o(.text)
    MemManage_Handler                        0x08000259   Thumb Code     2  startup_stm32f40_41xxx.o(.text)
    BusFault_Handler                         0x0800025b   Thumb Code     2  startup_stm32f40_41xxx.o(.text)
    UsageFault_Handler                       0x0800025d   Thumb Code     2  startup_stm32f40_41xxx.o(.text)
    SVC_Handler                              0x0800025f   Thumb Code     2  startup_stm32f40_41xxx.o(.text)
    DebugMon_Handler                         0x08000261   Thumb Code     2  startup_stm32f40_41xxx.o(.text)
    PendSV_Handler                           0x08000263   Thumb Code     2  startup_stm32f40_41xxx.o(.text)
    SysTick_Handler                          0x08000265   Thumb Code     2  startup_stm32f40_41xxx.o(.text)
    ADC_IRQHandler                           0x08000267   Thumb Code     0  startup_stm32f40_41xxx.o(.text)
    CAN1_RX0_IRQHandler                      0x08000267   Thumb Code     0  startup_stm32f40_41xxx.o(.text)
    CAN1_RX1_IRQHandler                      0x08000267   Thumb Code     0  startup_stm32f40_41xxx.o(.text)
    CAN1_SCE_IRQHandler                      0x08000267   Thumb Code     0  startup_stm32f40_41xxx.o(.text)
    CAN1_TX_IRQHandler                       0x08000267   Thumb Code     0  startup_stm32f40_41xxx.o(.text)
    CAN2_RX0_IRQHandler                      0x08000267   Thumb Code     0  startup_stm32f40_41xxx.o(.text)
    CAN2_RX1_IRQHandler                      0x08000267   Thumb Code     0  startup_stm32f40_41xxx.o(.text)
    CAN2_SCE_IRQHandler                      0x08000267   Thumb Code     0  startup_stm32f40_41xxx.o(.text)
    CAN2_TX_IRQHandler                       0x08000267   Thumb Code     0  startup_stm32f40_41xxx.o(.text)
    CRYP_IRQHandler                          0x08000267   Thumb Code     0  startup_stm32f40_41xxx.o(.text)
    DCMI_IRQHandler                          0x08000267   Thumb Code     0  startup_stm32f40_41xxx.o(.text)
    DMA1_Stream0_IRQHandler                  0x08000267   Thumb Code     0  startup_stm32f40_41xxx.o(.text)
    DMA1_Stream1_IRQHandler                  0x08000267   Thumb Code     0  startup_stm32f40_41xxx.o(.text)
    DMA1_Stream2_IRQHandler                  0x08000267   Thumb Code     0  startup_stm32f40_41xxx.o(.text)
    DMA1_Stream3_IRQHandler                  0x08000267   Thumb Code     0  startup_stm32f40_41xxx.o(.text)
    DMA1_Stream4_IRQHandler                  0x08000267   Thumb Code     0  startup_stm32f40_41xxx.o(.text)
    DMA1_Stream5_IRQHandler                  0x08000267   Thumb Code     0  startup_stm32f40_41xxx.o(.text)
    DMA1_Stream6_IRQHandler                  0x08000267   Thumb Code     0  startup_stm32f40_41xxx.o(.text)
    DMA1_Stream7_IRQHandler                  0x08000267   Thumb Code     0  startup_stm32f40_41xxx.o(.text)
    DMA2_Stream0_IRQHandler                  0x08000267   Thumb Code     0  startup_stm32f40_41xxx.o(.text)
    DMA2_Stream1_IRQHandler                  0x08000267   Thumb Code     0  startup_stm32f40_41xxx.o(.text)
    DMA2_Stream2_IRQHandler                  0x08000267   Thumb Code     0  startup_stm32f40_41xxx.o(.text)
    DMA2_Stream3_IRQHandler                  0x08000267   Thumb Code     0  startup_stm32f40_41xxx.o(.text)
    DMA2_Stream4_IRQHandler                  0x08000267   Thumb Code     0  startup_stm32f40_41xxx.o(.text)
    DMA2_Stream5_IRQHandler                  0x08000267   Thumb Code     0  startup_stm32f40_41xxx.o(.text)
    DMA2_Stream6_IRQHandler                  0x08000267   Thumb Code     0  startup_stm32f40_41xxx.o(.text)
    DMA2_Stream7_IRQHandler                  0x08000267   Thumb Code     0  startup_stm32f40_41xxx.o(.text)
    ETH_IRQHandler                           0x08000267   Thumb Code     0  startup_stm32f40_41xxx.o(.text)
    ETH_WKUP_IRQHandler                      0x08000267   Thumb Code     0  startup_stm32f40_41xxx.o(.text)
    EXTI0_IRQHandler                         0x08000267   Thumb Code     0  startup_stm32f40_41xxx.o(.text)
    EXTI1_IRQHandler                         0x08000267   Thumb Code     0  startup_stm32f40_41xxx.o(.text)
    EXTI2_IRQHandler                         0x08000267   Thumb Code     0  startup_stm32f40_41xxx.o(.text)
    EXTI3_IRQHandler                         0x08000267   Thumb Code     0  startup_stm32f40_41xxx.o(.text)
    EXTI4_IRQHandler                         0x08000267   Thumb Code     0  startup_stm32f40_41xxx.o(.text)
    EXTI9_5_IRQHandler                       0x08000267   Thumb Code     0  startup_stm32f40_41xxx.o(.text)
    FLASH_IRQHandler                         0x08000267   Thumb Code     0  startup_stm32f40_41xxx.o(.text)
    FPU_IRQHandler                           0x08000267   Thumb Code     0  startup_stm32f40_41xxx.o(.text)
    FSMC_IRQHandler                          0x08000267   Thumb Code     0  startup_stm32f40_41xxx.o(.text)
    HASH_RNG_IRQHandler                      0x08000267   Thumb Code     0  startup_stm32f40_41xxx.o(.text)
    I2C1_ER_IRQHandler                       0x08000267   Thumb Code     0  startup_stm32f40_41xxx.o(.text)
    I2C1_EV_IRQHandler                       0x08000267   Thumb Code     0  startup_stm32f40_41xxx.o(.text)
    I2C2_ER_IRQHandler                       0x08000267   Thumb Code     0  startup_stm32f40_41xxx.o(.text)
    I2C2_EV_IRQHandler                       0x08000267   Thumb Code     0  startup_stm32f40_41xxx.o(.text)
    I2C3_ER_IRQHandler                       0x08000267   Thumb Code     0  startup_stm32f40_41xxx.o(.text)
    I2C3_EV_IRQHandler                       0x08000267   Thumb Code     0  startup_stm32f40_41xxx.o(.text)
    OTG_FS_IRQHandler                        0x08000267   Thumb Code     0  startup_stm32f40_41xxx.o(.text)
    OTG_FS_WKUP_IRQHandler                   0x08000267   Thumb Code     0  startup_stm32f40_41xxx.o(.text)
    OTG_HS_EP1_IN_IRQHandler                 0x08000267   Thumb Code     0  startup_stm32f40_41xxx.o(.text)
    OTG_HS_EP1_OUT_IRQHandler                0x08000267   Thumb Code     0  startup_stm32f40_41xxx.o(.text)
    OTG_HS_IRQHandler                        0x08000267   Thumb Code     0  startup_stm32f40_41xxx.o(.text)
    OTG_HS_WKUP_IRQHandler                   0x08000267   Thumb Code     0  startup_stm32f40_41xxx.o(.text)
    PVD_IRQHandler                           0x08000267   Thumb Code     0  startup_stm32f40_41xxx.o(.text)
    RCC_IRQHandler                           0x08000267   Thumb Code     0  startup_stm32f40_41xxx.o(.text)
    RTC_Alarm_IRQHandler                     0x08000267   Thumb Code     0  startup_stm32f40_41xxx.o(.text)
    RTC_WKUP_IRQHandler                      0x08000267   Thumb Code     0  startup_stm32f40_41xxx.o(.text)
    SDIO_IRQHandler                          0x08000267   Thumb Code     0  startup_stm32f40_41xxx.o(.text)
    SPI1_IRQHandler                          0x08000267   Thumb Code     0  startup_stm32f40_41xxx.o(.text)
    SPI2_IRQHandler                          0x08000267   Thumb Code     0  startup_stm32f40_41xxx.o(.text)
    SPI3_IRQHandler                          0x08000267   Thumb Code     0  startup_stm32f40_41xxx.o(.text)
    TAMP_STAMP_IRQHandler                    0x08000267   Thumb Code     0  startup_stm32f40_41xxx.o(.text)
    TIM1_BRK_TIM9_IRQHandler                 0x08000267   Thumb Code     0  startup_stm32f40_41xxx.o(.text)
    TIM1_CC_IRQHandler                       0x08000267   Thumb Code     0  startup_stm32f40_41xxx.o(.text)
    TIM1_TRG_COM_TIM11_IRQHandler            0x08000267   Thumb Code     0  startup_stm32f40_41xxx.o(.text)
    TIM1_UP_TIM10_IRQHandler                 0x08000267   Thumb Code     0  startup_stm32f40_41xxx.o(.text)
    TIM2_IRQHandler                          0x08000267   Thumb Code     0  startup_stm32f40_41xxx.o(.text)
    TIM3_IRQHandler                          0x08000267   Thumb Code     0  startup_stm32f40_41xxx.o(.text)
    TIM4_IRQHandler                          0x08000267   Thumb Code     0  startup_stm32f40_41xxx.o(.text)
    TIM5_IRQHandler                          0x08000267   Thumb Code     0  startup_stm32f40_41xxx.o(.text)
    TIM6_DAC_IRQHandler                      0x08000267   Thumb Code     0  startup_stm32f40_41xxx.o(.text)
    TIM7_IRQHandler                          0x08000267   Thumb Code     0  startup_stm32f40_41xxx.o(.text)
    TIM8_BRK_TIM12_IRQHandler                0x08000267   Thumb Code     0  startup_stm32f40_41xxx.o(.text)
    TIM8_CC_IRQHandler                       0x08000267   Thumb Code     0  startup_stm32f40_41xxx.o(.text)
    TIM8_TRG_COM_TIM14_IRQHandler            0x08000267   Thumb Code     0  startup_stm32f40_41xxx.o(.text)
    TIM8_UP_TIM13_IRQHandler                 0x08000267   Thumb Code     0  startup_stm32f40_41xxx.o(.text)
    UART4_IRQHandler                         0x08000267   Thumb Code     0  startup_stm32f40_41xxx.o(.text)
    UART5_IRQHandler                         0x08000267   Thumb Code     0  startup_stm32f40_41xxx.o(.text)
    USART1_IRQHandler                        0x08000267   Thumb Code     0  startup_stm32f40_41xxx.o(.text)
    USART2_IRQHandler                        0x08000267   Thumb Code     0  startup_stm32f40_41xxx.o(.text)
    USART3_IRQHandler                        0x08000267   Thumb Code     0  startup_stm32f40_41xxx.o(.text)
    USART6_IRQHandler                        0x08000267   Thumb Code     0  startup_stm32f40_41xxx.o(.text)
    WWDG_IRQHandler                          0x08000267   Thumb Code     0  startup_stm32f40_41xxx.o(.text)
    __user_initial_stackheap                 0x08000269   Thumb Code     0  startup_stm32f40_41xxx.o(.text)
    __2sprintf                               0x0800028d   Thumb Code    34  noretval__2sprintf.o(.text)
    _printf_pre_padding                      0x080002b5   Thumb Code    44  _printf_pad.o(.text)
    _printf_post_padding                     0x080002e1   Thumb Code    34  _printf_pad.o(.text)
    _printf_str                              0x08000303   Thumb Code    82  _printf_str.o(.text)
    _printf_int_dec                          0x08000355   Thumb Code   104  _printf_dec.o(.text)
    __printf                                 0x080003cd   Thumb Code   270  __printf_wp.o(.text)
    __aeabi_memcpy                           0x080004db   Thumb Code     0  rt_memcpy_v6.o(.text)
    __rt_memcpy                              0x080004db   Thumb Code   138  rt_memcpy_v6.o(.text)
    _memcpy_lastbytes                        0x08000541   Thumb Code     0  rt_memcpy_v6.o(.text)
    __aeabi_memcpy4                          0x08000565   Thumb Code     0  rt_memcpy_w.o(.text)
    __aeabi_memcpy8                          0x08000565   Thumb Code     0  rt_memcpy_w.o(.text)
    __rt_memcpy_w                            0x08000565   Thumb Code   100  rt_memcpy_w.o(.text)
    _memcpy_lastbytes_aligned                0x080005ad   Thumb Code     0  rt_memcpy_w.o(.text)
    __use_two_region_memory                  0x080005c9   Thumb Code     2  heapauxi.o(.text)
    __rt_heap_escrow$2region                 0x080005cb   Thumb Code     2  heapauxi.o(.text)
    __rt_heap_expand$2region                 0x080005cd   Thumb Code     2  heapauxi.o(.text)
    _printf_int_common                       0x080005cf   Thumb Code   178  _printf_intcommon.o(.text)
    __lib_sel_fp_printf                      0x08000681   Thumb Code     2  _printf_fp_dec.o(.text)
    _printf_fp_dec_real                      0x0800082f   Thumb Code   620  _printf_fp_dec.o(.text)
    _printf_char_common                      0x08000aa7   Thumb Code    32  _printf_char_common.o(.text)
    _sputc                                   0x08000acd   Thumb Code    10  _sputc.o(.text)
    _printf_cs_common                        0x08000ad7   Thumb Code    20  _printf_char.o(.text)
    _printf_char                             0x08000aeb   Thumb Code    16  _printf_char.o(.text)
    _printf_string                           0x08000afb   Thumb Code     8  _printf_char.o(.text)
    __rt_locale                              0x08000b05   Thumb Code     8  rt_locale_intlibspace.o(.text)
    _ll_udiv10                               0x08000b0d   Thumb Code   138  lludiv10.o(.text)
    _printf_fp_infnan                        0x08000b99   Thumb Code   112  _printf_fp_infnan.o(.text)
    _btod_etento                             0x08000c19   Thumb Code   216  bigflt0.o(.text)
    __user_libspace                          0x08000cf5   Thumb Code     8  libspace.o(.text)
    __user_perproc_libspace                  0x08000cf5   Thumb Code     0  libspace.o(.text)
    __user_perthread_libspace                0x08000cf5   Thumb Code     0  libspace.o(.text)
    __user_setup_stackheap                   0x08000cfd   Thumb Code    74  sys_stackheap_outer.o(.text)
    exit                                     0x08000d47   Thumb Code    18  exit.o(.text)
    strcmp                                   0x08000d59   Thumb Code   128  strcmpv7m.o(.text)
    _sys_exit                                0x08000dd9   Thumb Code     8  sys_exit.o(.text)
    __I$use$semihosting                      0x08000de5   Thumb Code     0  use_no_semi.o(.text)
    __use_no_semihosting_swi                 0x08000de5   Thumb Code     2  use_no_semi.o(.text)
    __semihosting_library_function           0x08000de7   Thumb Code     0  indicate_semi.o(.text)
    _btod_d2e                                0x08000de7   Thumb Code    62  btod.o(CL$$btod_d2e)
    _d2e_denorm_low                          0x08000e25   Thumb Code    70  btod.o(CL$$btod_d2e_denorm_low)
    _d2e_norm_op1                            0x08000e6b   Thumb Code    96  btod.o(CL$$btod_d2e_norm_op1)
    __btod_div_common                        0x08000ecb   Thumb Code   696  btod.o(CL$$btod_div_common)
    _e2e                                     0x08001203   Thumb Code   198  btod.o(CL$$btod_e2e)
    _btod_ediv                               0x080012c9   Thumb Code    40  btod.o(CL$$btod_ediv)
    _btod_emul                               0x080012f1   Thumb Code    40  btod.o(CL$$btod_emul)
    __btod_mult_common                       0x08001319   Thumb Code   580  btod.o(CL$$btod_mult_common)
    DispAOIPContent                          0x0800155d   Thumb Code   214  display.o(i.DispAOIPContent)
    DispAOIPFrame                            0x08001659   Thumb Code    28  display.o(i.DispAOIPFrame)
    DispC_IPContent                          0x08001679   Thumb Code   154  display.o(i.DispC_IPContent)
    DispC_IPFrame                            0x08001729   Thumb Code    12  display.o(i.DispC_IPFrame)
    DispCorrContent                          0x08001739   Thumb Code   100  display.o(i.DispCorrContent)
    DispCorrFrame                            0x080017a9   Thumb Code    12  display.o(i.DispCorrFrame)
    DispMainPageCusor                        0x080017b9   Thumb Code    44  display.o(i.DispMainPageCusor)
    DispMainPageVu                           0x080017e9   Thumb Code    44  display.o(i.DispMainPageVu)
    DispPage1Content                         0x08001815   Thumb Code   174  display.o(i.DispPage1Content)
    DispPage1Frame                           0x080018cd   Thumb Code    12  display.o(i.DispPage1Frame)
    DispPageAlarmFrame                       0x080018dd   Thumb Code    20  display.o(i.DispPageAlarmFrame)
    DispPageDelayContent                     0x080018f5   Thumb Code    62  display.o(i.DispPageDelayContent)
    DispPageMain                             0x08001939   Thumb Code    84  display.o(i.DispPageMain)
    DispPageMeter                            0x08001991   Thumb Code    72  display.o(i.DispPageMeter)
    DispPageMeterFrame                       0x080019dd   Thumb Code    12  display.o(i.DispPageMeterFrame)
    DispPageParaFrame                        0x080019ed   Thumb Code    12  display.o(i.DispPageParaFrame)
    DispParaContent                          0x080019fd   Thumb Code   286  display.o(i.DispParaContent)
    DisplayKeyLed                            0x08001b29   Thumb Code   228  display.o(i.DisplayKeyLed)
    EXTI15_10_IRQHandler                     0x08001c15   Thumb Code    46  keyled.o(i.EXTI15_10_IRQHandler)
    EXTI_ClearITPendingBit                   0x08001c4d   Thumb Code     6  stm32f4xx_exti.o(i.EXTI_ClearITPendingBit)
    EXTI_Init                                0x08001c59   Thumb Code   142  stm32f4xx_exti.o(i.EXTI_Init)
    ExtInterruptInit                         0x08001ced   Thumb Code    80  keyled.o(i.ExtInterruptInit)
    FPGA_Init                                0x08001d3d   Thumb Code     8  masterspi3.o(i.FPGA_Init)
    Fill_RAM                                 0x08001d45   Thumb Code    62  hg25664.o(i.Fill_RAM)
    GPIO_Init                                0x08001d83   Thumb Code   144  stm32f4xx_gpio.o(i.GPIO_Init)
    GPIO_PinAFConfig                         0x08001e13   Thumb Code    70  stm32f4xx_gpio.o(i.GPIO_PinAFConfig)
    GPIO_ReadInputData                       0x08001e59   Thumb Code     8  stm32f4xx_gpio.o(i.GPIO_ReadInputData)
    GPIO_ReadInputDataBit                    0x08001e61   Thumb Code    18  stm32f4xx_gpio.o(i.GPIO_ReadInputDataBit)
    GPIO_ResetBits                           0x08001e73   Thumb Code     4  stm32f4xx_gpio.o(i.GPIO_ResetBits)
    GPIO_SetBits                             0x08001e77   Thumb Code     4  stm32f4xx_gpio.o(i.GPIO_SetBits)
    GPIO_Write                               0x08001e7b   Thumb Code     4  stm32f4xx_gpio.o(i.GPIO_Write)
    GPIO_WriteBit                            0x08001e7f   Thumb Code    10  stm32f4xx_gpio.o(i.GPIO_WriteBit)
    GetDelayTime                             0x08001e89   Thumb Code    74  commwithfpga.o(i.GetDelayTime)
    GetTimePara                              0x08001ee1   Thumb Code   172  commwithfpga.o(i.GetTimePara)
    IBD_Fun                                  0x08001f91   Thumb Code   210  display.o(i.IBD_Fun)
    KeySCan                                  0x0800208d   Thumb Code   112  keyled.o(i.KeySCan)
    Key_Fun                                  0x08002109   Thumb Code   278  keyled.o(i.Key_Fun)
    Key_Lock_Scan                            0x08002231   Thumb Code    42  keyled.o(i.Key_Lock_Scan)
    LedGPIOInit                              0x08002265   Thumb Code    48  keyled.o(i.LedGPIOInit)
    Led_Display                              0x08002299   Thumb Code   142  keyled.o(i.Led_Display)
    Led_Driver                               0x0800232d   Thumb Code   146  keyled.o(i.Led_Driver)
    NVIC_Init                                0x080023c9   Thumb Code   106  misc.o(i.NVIC_Init)
    OLED_Initialization                      0x08002441   Thumb Code   412  hg25664.o(i.OLED_Initialization)
    OledContentRefresh                       0x080025e1   Thumb Code   474  display.o(i.OledContentRefresh)
    OledDispFrame                            0x080027e9   Thumb Code   108  display.o(i.OledDispFrame)
    OledGpioInit                             0x0800285d   Thumb Code   120  hg25664.o(i.OledGpioInit)
    RCC_AHB1PeriphClockCmd                   0x080028dd   Thumb Code    26  stm32f4xx_rcc.o(i.RCC_AHB1PeriphClockCmd)
    RCC_APB1PeriphClockCmd                   0x080028fd   Thumb Code    26  stm32f4xx_rcc.o(i.RCC_APB1PeriphClockCmd)
    RCC_APB1PeriphResetCmd                   0x0800291d   Thumb Code    26  stm32f4xx_rcc.o(i.RCC_APB1PeriphResetCmd)
    RCC_APB2PeriphClockCmd                   0x0800293d   Thumb Code    26  stm32f4xx_rcc.o(i.RCC_APB2PeriphClockCmd)
    ReadMode                                 0x0800295d   Thumb Code   104  commwithfpga.o(i.ReadMode)
    SPI3_ReadByte                            0x080029c9   Thumb Code    28  masterspi3.o(i.SPI3_ReadByte)
    SPI3_WriteByte                           0x080029e9   Thumb Code    28  masterspi3.o(i.SPI3_WriteByte)
    SPI_Cmd                                  0x08002a09   Thumb Code    24  stm32f4xx_spi.o(i.SPI_Cmd)
    SPI_I2S_GetFlagStatus                    0x08002a21   Thumb Code    18  stm32f4xx_spi.o(i.SPI_I2S_GetFlagStatus)
    SPI_I2S_ReceiveData                      0x08002a33   Thumb Code     6  stm32f4xx_spi.o(i.SPI_I2S_ReceiveData)
    SPI_I2S_SendData                         0x08002a39   Thumb Code     4  stm32f4xx_spi.o(i.SPI_I2S_SendData)
    SPI_Init                                 0x08002a3d   Thumb Code    60  stm32f4xx_spi.o(i.SPI_Init)
    SYSCFG_EXTILineConfig                    0x08002a79   Thumb Code    60  stm32f4xx_syscfg.o(i.SYSCFG_EXTILineConfig)
    SendKeyValu                              0x08002ab9   Thumb Code    14  commwithfpga.o(i.SendKeyValu)
    Set_Column_Address                       0x08002bb5   Thumb Code    26  hg25664.o(i.Set_Column_Address)
    Set_Remap_Format                         0x08002bcf   Thumb Code    24  hg25664.o(i.Set_Remap_Format)
    Set_Row_Address                          0x08002be7   Thumb Code    26  hg25664.o(i.Set_Row_Address)
    Set_Write_RAM                            0x08002c01   Thumb Code    10  hg25664.o(i.Set_Write_RAM)
    SysTick_CLKSourceConfig                  0x08002c0b   Thumb Code    40  misc.o(i.SysTick_CLKSourceConfig)
    SystemInit                               0x08002c35   Thumb Code    88  system_stm32f4xx.o(i.SystemInit)
    WaitBoot                                 0x08002c9d   Thumb Code    98  display.o(i.WaitBoot)
    WriteToOled                              0x08002d25   Thumb Code    82  hg25664.o(i.WriteToOled)
    Write_cmd                                0x08002d81   Thumb Code    16  hg25664.o(i.Write_cmd)
    Write_dat                                0x08002d91   Thumb Code    16  hg25664.o(i.Write_dat)
    __ARM_fpclassify                         0x08002da1   Thumb Code    48  fpclassify.o(i.__ARM_fpclassify)
    _is_digit                                0x08002dd1   Thumb Code    14  __printf_wp.o(i._is_digit)
    change                                   0x08002ddf   Thumb Code   122  dispchar.o(i.change)
    convertToFloat                           0x08002e59   Thumb Code   116  commwithfpga.o(i.convertToFloat)
    delay_init                               0x08002ed5   Thumb Code    52  delay.o(i.delay_init)
    delay_ms                                 0x08002f11   Thumb Code    56  delay.o(i.delay_ms)
    delay_us                                 0x08002f49   Thumb Code    72  delay.o(i.delay_us)
    delay_xms                                0x08002f95   Thumb Code    72  delay.o(i.delay_xms)
    dispPageFont                             0x08002fe1   Thumb Code    52  display.o(i.dispPageFont)
    displayDelay                             0x08003015   Thumb Code   198  display.o(i.displayDelay)
    draw84Block                              0x080030e5   Thumb Code   110  drawpic.o(i.draw84Block)
    drawBigNum                               0x08003155   Thumb Code   346  drawpic.o(i.drawBigNum)
    drawDelayMask                            0x080032b5   Thumb Code    44  drawpic.o(i.drawDelayMask)
    drawLine                                 0x080032e1   Thumb Code   294  drawpic.o(i.drawLine)
    drawMeterBar                             0x08003407   Thumb Code   146  drawpic.o(i.drawMeterBar)
    drawRect                                 0x08003499   Thumb Code   584  drawpic.o(i.drawRect)
    dsipaly_selvu                            0x080036e1   Thumb Code    58  commwithfpga.o(i.dsipaly_selvu)
    keyGpioInit                              0x08003725   Thumb Code    44  keyled.o(i.keyGpioInit)
    key_process                              0x08003755   Thumb Code    60  keyled.o(i.key_process)
    key_sneeze_scan                          0x0800379d   Thumb Code    58  keyled.o(i.key_sneeze_scan)
    main                                     0x080037e1   Thumb Code    44  main.o(i.main)
    masterSPI3_Init                          0x0800380d   Thumb Code   228  masterspi3.o(i.masterSPI3_Init)
    readAOIPDanteName                        0x080038fd   Thumb Code    94  commwithfpga.o(i.readAOIPDanteName)
    readARMIp                                0x08003961   Thumb Code   112  commwithfpga.o(i.readARMIp)
    readAllVu                                0x080039d5   Thumb Code    48  commwithfpga.o(i.readAllVu)
    readCorrFromFpga                         0x08003a09   Thumb Code    62  commwithfpga.o(i.readCorrFromFpga)
    readDanteIp                              0x08003a49   Thumb Code    80  commwithfpga.o(i.readDanteIp)
    readFPGAReg                              0x08003a9d   Thumb Code   108  masterspi3.o(i.readFPGAReg)
    readLocalDanteName                       0x08003b0d   Thumb Code    46  commwithfpga.o(i.readLocalDanteName)
    readOutVu                                0x08003b41   Thumb Code    42  commwithfpga.o(i.readOutVu)
    readSrcInputStatus                       0x08003b71   Thumb Code    88  commwithfpga.o(i.readSrcInputStatus)
    setListenHeadPhone                       0x08003bcd   Thumb Code    18  commwithfpga.o(i.setListenHeadPhone)
    setMusic                                 0x08003bdf   Thumb Code    18  commwithfpga.o(i.setMusic)
    show_string                              0x08003bf1   Thumb Code    78  dispchar.o(i.show_string)
    vuCaculate                               0x08003c41   Thumb Code   134  commwithfpga.o(i.vuCaculate)
    vuOutCaculate                            0x08003ccd   Thumb Code   128  commwithfpga.o(i.vuOutCaculate)
    writeFPGAReg                             0x08003d51   Thumb Code    90  masterspi3.o(i.writeFPGAReg)
    write_oled8                              0x08003db1   Thumb Code   108  dispchar.o(i.write_oled8)
    write_oled816                            0x08003e21   Thumb Code   108  dispchar.o(i.write_oled816)
    _get_lc_numeric                          0x08003e91   Thumb Code    44  lc_numeric_c.o(locale$$code)
    __aeabi_d2f                              0x08003ebd   Thumb Code     0  d2f.o(x$fpl$d2f)
    _d2f                                     0x08003ebd   Thumb Code    98  d2f.o(x$fpl$d2f)
    __aeabi_ddiv                             0x08003f21   Thumb Code     0  ddiv.o(x$fpl$ddiv)
    _ddiv                                    0x08003f21   Thumb Code   552  ddiv.o(x$fpl$ddiv)
    __aeabi_ui2d                             0x080041d1   Thumb Code     0  dflt_clz.o(x$fpl$dfltu)
    _dfltu                                   0x080041d1   Thumb Code    38  dflt_clz.o(x$fpl$dfltu)
    __fpl_dnaninf                            0x080041f7   Thumb Code   156  dnaninf.o(x$fpl$dnaninf)
    __fpl_dretinf                            0x08004293   Thumb Code    12  dretinf.o(x$fpl$dretinf)
    __aeabi_f2d                              0x080042a1   Thumb Code     0  f2d.o(x$fpl$f2d)
    _f2d                                     0x080042a1   Thumb Code    86  f2d.o(x$fpl$f2d)
    __fpl_fnaninf                            0x080042f7   Thumb Code   140  fnaninf.o(x$fpl$fnaninf)
    _fp_init                                 0x08004383   Thumb Code    10  fpinit.o(x$fpl$fpinit)
    __fplib_config_fpu_vfp                   0x0800438b   Thumb Code     0  fpinit.o(x$fpl$fpinit)
    __fplib_config_pureend_doubles           0x0800438b   Thumb Code     0  fpinit.o(x$fpl$fpinit)
    __fpl_fretinf                            0x0800438d   Thumb Code    10  fretinf.o(x$fpl$fretinf)
    _printf_fp_dec                           0x08004397   Thumb Code     4  printf1.o(x$fpl$printf1)
    Font88                                   0x0800439a   Data         760  font.o(.constdata)
    __I$use$fp                               0x0800439a   Number         0  usenofp.o(x$fpl$usenofp)
    Font816                                  0x08004692   Data        1520  font.o(.constdata)
    AinVuPosition                            0x08004c84   Data          16  display_data.o(.constdata)
    Page1Data                                0x08004c94   Data          48  display_data.o(.constdata)
    PageMeterCorrData                        0x08004cc4   Data          48  display_data.o(.constdata)
    PageMeterData                            0x08004cf4   Data          56  display_data.o(.constdata)
    PageC_IPData                             0x08004d2c   Data          48  display_data.o(.constdata)
    PageAOIPData                             0x08004d5c   Data         112  display_data.o(.constdata)
    PageParaData                             0x08004dcc   Data          96  display_data.o(.constdata)
    Region$$Table$$Base                      0x080050e0   Number         0  anon$$obj.o(Region$$Table)
    Region$$Table$$Limit                     0x08005100   Number         0  anon$$obj.o(Region$$Table)
    FontbigNum                               0x20000000   Data          84  font.o(.data)
    delay_time                               0x20000058   Data           4  display_data.o(.data)
    IBS300AES3                               0x2000005c   Data           3  display_data.o(.data)
    Led_Status                               0x2000005f   Data           7  display_data.o(.data)
    OLED_Status                              0x20000066   Data           4  display_data.o(.data)
    IBD200Status                             0x2000006a   Data           3  display_data.o(.data)
    IBS300DanteIp                            0x2000006d   Data           8  display_data.o(.data)
    delay_mode                               0x20000075   Data           1  display_data.o(.data)
    MainPageFramData                         0x20000078   Data          64  display_data.o(.data)
    AES3_lock                                0x200000b8   Data           1  display.o(.data)
    TimerCounter                             0x200000bc   Data           4  display.o(.data)
    TimerLedCounter                          0x200000c0   Data           4  display.o(.data)
    TimerDumpCounter                         0x200000c4   Data           4  display.o(.data)
    disp                                     0x200000c8   Data           1  display.o(.data)
    bootflage                                0x200000c9   Data           1  display.o(.data)
    KeyValue                                 0x200000cc   Data           1  keyled.o(.data)
    Key_messege                              0x200000cd   Data           1  keyled.o(.data)
    Key_lock_flag                            0x200000ce   Data           1  keyled.o(.data)
    FlagGpioInit                             0x200000cf   Data           1  keyled.o(.data)
    Key_Sneeze_status                        0x200000d0   Data           1  keyled.o(.data)
    key_dump_tmp                             0x200000d1   Data           1  keyled.o(.data)
    IBD200TimePara                           0x200000d4   Data          20  display_data.o(.bss)
    IBS300Meter                              0x200000e8   Data          52  display_data.o(.bss)
    IBS300ArmIP                              0x2000011c   Data          18  display_data.o(.bss)
    IBS300Name                               0x2000012e   Data         130  display_data.o(.bss)
    __libspace_start                         0x200001b0   Data          96  libspace.o(.bss)
    __temporary_stack_top$libspace           0x20000210   Data           0  libspace.o(.bss)



==============================================================================

Memory Map of the image

  Image Entry point : 0x08000189

  Load Region LR_IROM1 (Base: 0x08000000, Size: 0x000051f0, Max: 0x00100000, ABSOLUTE)

    Execution Region ER_IROM1 (Base: 0x08000000, Size: 0x0000511c, Max: 0x00100000, ABSOLUTE)

    Base Addr    Size         Type   Attr      Idx    E Section Name        Object

    0x08000000   0x00000188   Data   RO          906    RESET               startup_stm32f40_41xxx.o
    0x08000188   0x00000008   Code   RO         2338  * !!!main             c_w.l(__main.o)
    0x08000190   0x00000034   Code   RO         2576    !!!scatter          c_w.l(__scatter.o)
    0x080001c4   0x0000001a   Code   RO         2578    !!handler_copy      c_w.l(__scatter_copy.o)
    0x080001de   0x00000002   PAD
    0x080001e0   0x0000001c   Code   RO         2580    !!handler_zi        c_w.l(__scatter_zi.o)
    0x080001fc   0x00000000   Code   RO         2331    .ARM.Collect$$_printf_percent$$00000000  c_w.l(_printf_percent.o)
    0x080001fc   0x00000006   Code   RO         2330    .ARM.Collect$$_printf_percent$$00000003  c_w.l(_printf_f.o)
    0x08000202   0x00000006   Code   RO         2329    .ARM.Collect$$_printf_percent$$00000009  c_w.l(_printf_d.o)
    0x08000208   0x00000006   Code   RO         2328    .ARM.Collect$$_printf_percent$$00000014  c_w.l(_printf_s.o)
    0x0800020e   0x00000004   Code   RO         2367    .ARM.Collect$$_printf_percent$$00000017  c_w.l(_printf_percent_end.o)
    0x08000212   0x00000002   Code   RO         2449    .ARM.Collect$$libinit$$00000000  c_w.l(libinit.o)
    0x08000214   0x00000004   Code   RO         2450    .ARM.Collect$$libinit$$00000001  c_w.l(libinit2.o)
    0x08000218   0x00000000   Code   RO         2453    .ARM.Collect$$libinit$$00000004  c_w.l(libinit2.o)
    0x08000218   0x00000000   Code   RO         2456    .ARM.Collect$$libinit$$0000000A  c_w.l(libinit2.o)
    0x08000218   0x00000000   Code   RO         2458    .ARM.Collect$$libinit$$0000000C  c_w.l(libinit2.o)
    0x08000218   0x00000000   Code   RO         2460    .ARM.Collect$$libinit$$0000000E  c_w.l(libinit2.o)
    0x08000218   0x00000006   Code   RO         2461    .ARM.Collect$$libinit$$0000000F  c_w.l(libinit2.o)
    0x0800021e   0x00000000   Code   RO         2463    .ARM.Collect$$libinit$$00000011  c_w.l(libinit2.o)
    0x0800021e   0x00000000   Code   RO         2465    .ARM.Collect$$libinit$$00000013  c_w.l(libinit2.o)
    0x0800021e   0x00000000   Code   RO         2467    .ARM.Collect$$libinit$$00000015  c_w.l(libinit2.o)
    0x0800021e   0x0000000a   Code   RO         2468    .ARM.Collect$$libinit$$00000016  c_w.l(libinit2.o)
    0x08000228   0x00000000   Code   RO         2469    .ARM.Collect$$libinit$$00000017  c_w.l(libinit2.o)
    0x08000228   0x00000000   Code   RO         2471    .ARM.Collect$$libinit$$00000019  c_w.l(libinit2.o)
    0x08000228   0x00000000   Code   RO         2473    .ARM.Collect$$libinit$$0000001B  c_w.l(libinit2.o)
    0x08000228   0x00000000   Code   RO         2475    .ARM.Collect$$libinit$$0000001D  c_w.l(libinit2.o)
    0x08000228   0x00000000   Code   RO         2477    .ARM.Collect$$libinit$$0000001F  c_w.l(libinit2.o)
    0x08000228   0x00000000   Code   RO         2479    .ARM.Collect$$libinit$$00000021  c_w.l(libinit2.o)
    0x08000228   0x00000000   Code   RO         2481    .ARM.Collect$$libinit$$00000023  c_w.l(libinit2.o)
    0x08000228   0x00000000   Code   RO         2483    .ARM.Collect$$libinit$$00000025  c_w.l(libinit2.o)
    0x08000228   0x00000000   Code   RO         2487    .ARM.Collect$$libinit$$0000002C  c_w.l(libinit2.o)
    0x08000228   0x00000000   Code   RO         2489    .ARM.Collect$$libinit$$0000002E  c_w.l(libinit2.o)
    0x08000228   0x00000000   Code   RO         2491    .ARM.Collect$$libinit$$00000030  c_w.l(libinit2.o)
    0x08000228   0x00000000   Code   RO         2493    .ARM.Collect$$libinit$$00000032  c_w.l(libinit2.o)
    0x08000228   0x00000002   Code   RO         2494    .ARM.Collect$$libinit$$00000033  c_w.l(libinit2.o)
    0x0800022a   0x00000002   Code   RO         2524    .ARM.Collect$$libshutdown$$00000000  c_w.l(libshutdown.o)
    0x0800022c   0x00000000   Code   RO         2535    .ARM.Collect$$libshutdown$$00000002  c_w.l(libshutdown2.o)
    0x0800022c   0x00000000   Code   RO         2537    .ARM.Collect$$libshutdown$$00000004  c_w.l(libshutdown2.o)
    0x0800022c   0x00000000   Code   RO         2540    .ARM.Collect$$libshutdown$$00000007  c_w.l(libshutdown2.o)
    0x0800022c   0x00000000   Code   RO         2543    .ARM.Collect$$libshutdown$$0000000A  c_w.l(libshutdown2.o)
    0x0800022c   0x00000000   Code   RO         2545    .ARM.Collect$$libshutdown$$0000000C  c_w.l(libshutdown2.o)
    0x0800022c   0x00000000   Code   RO         2548    .ARM.Collect$$libshutdown$$0000000F  c_w.l(libshutdown2.o)
    0x0800022c   0x00000002   Code   RO         2549    .ARM.Collect$$libshutdown$$00000010  c_w.l(libshutdown2.o)
    0x0800022e   0x00000000   Code   RO         2356    .ARM.Collect$$rtentry$$00000000  c_w.l(__rtentry.o)
    0x0800022e   0x00000000   Code   RO         2378    .ARM.Collect$$rtentry$$00000002  c_w.l(__rtentry2.o)
    0x0800022e   0x00000006   Code   RO         2390    .ARM.Collect$$rtentry$$00000004  c_w.l(__rtentry4.o)
    0x08000234   0x00000000   Code   RO         2380    .ARM.Collect$$rtentry$$00000009  c_w.l(__rtentry2.o)
    0x08000234   0x00000004   Code   RO         2381    .ARM.Collect$$rtentry$$0000000A  c_w.l(__rtentry2.o)
    0x08000238   0x00000000   Code   RO         2383    .ARM.Collect$$rtentry$$0000000C  c_w.l(__rtentry2.o)
    0x08000238   0x00000008   Code   RO         2384    .ARM.Collect$$rtentry$$0000000D  c_w.l(__rtentry2.o)
    0x08000240   0x00000002   Code   RO         2495    .ARM.Collect$$rtexit$$00000000  c_w.l(rtexit.o)
    0x08000242   0x00000000   Code   RO         2502    .ARM.Collect$$rtexit$$00000002  c_w.l(rtexit2.o)
    0x08000242   0x00000004   Code   RO         2503    .ARM.Collect$$rtexit$$00000003  c_w.l(rtexit2.o)
    0x08000246   0x00000006   Code   RO         2504    .ARM.Collect$$rtexit$$00000004  c_w.l(rtexit2.o)
    0x0800024c   0x00000040   Code   RO          907    .text               startup_stm32f40_41xxx.o
    0x0800028c   0x00000028   Code   RO         2298    .text               c_w.l(noretval__2sprintf.o)
    0x080002b4   0x0000004e   Code   RO         2302    .text               c_w.l(_printf_pad.o)
    0x08000302   0x00000052   Code   RO         2304    .text               c_w.l(_printf_str.o)
    0x08000354   0x00000078   Code   RO         2306    .text               c_w.l(_printf_dec.o)
    0x080003cc   0x0000010e   Code   RO         2316    .text               c_w.l(__printf_wp.o)
    0x080004da   0x0000008a   Code   RO         2332    .text               c_w.l(rt_memcpy_v6.o)
    0x08000564   0x00000064   Code   RO         2334    .text               c_w.l(rt_memcpy_w.o)
    0x080005c8   0x00000006   Code   RO         2336    .text               c_w.l(heapauxi.o)
    0x080005ce   0x000000b2   Code   RO         2357    .text               c_w.l(_printf_intcommon.o)
    0x08000680   0x0000041a   Code   RO         2359    .text               c_w.l(_printf_fp_dec.o)
    0x08000a9a   0x00000002   PAD
    0x08000a9c   0x00000030   Code   RO         2361    .text               c_w.l(_printf_char_common.o)
    0x08000acc   0x0000000a   Code   RO         2363    .text               c_w.l(_sputc.o)
    0x08000ad6   0x0000002c   Code   RO         2365    .text               c_w.l(_printf_char.o)
    0x08000b02   0x00000002   PAD
    0x08000b04   0x00000008   Code   RO         2395    .text               c_w.l(rt_locale_intlibspace.o)
    0x08000b0c   0x0000008a   Code   RO         2397    .text               c_w.l(lludiv10.o)
    0x08000b96   0x00000002   PAD
    0x08000b98   0x00000080   Code   RO         2399    .text               c_w.l(_printf_fp_infnan.o)
    0x08000c18   0x000000dc   Code   RO         2403    .text               c_w.l(bigflt0.o)
    0x08000cf4   0x00000008   Code   RO         2435    .text               c_w.l(libspace.o)
    0x08000cfc   0x0000004a   Code   RO         2438    .text               c_w.l(sys_stackheap_outer.o)
    0x08000d46   0x00000012   Code   RO         2440    .text               c_w.l(exit.o)
    0x08000d58   0x00000080   Code   RO         2442    .text               c_w.l(strcmpv7m.o)
    0x08000dd8   0x0000000c   Code   RO         2514    .text               c_w.l(sys_exit.o)
    0x08000de4   0x00000002   Code   RO         2525    .text               c_w.l(use_no_semi.o)
    0x08000de6   0x00000000   Code   RO         2527    .text               c_w.l(indicate_semi.o)
    0x08000de6   0x0000003e   Code   RO         2406    CL$$btod_d2e        c_w.l(btod.o)
    0x08000e24   0x00000046   Code   RO         2408    CL$$btod_d2e_denorm_low  c_w.l(btod.o)
    0x08000e6a   0x00000060   Code   RO         2407    CL$$btod_d2e_norm_op1  c_w.l(btod.o)
    0x08000eca   0x00000338   Code   RO         2416    CL$$btod_div_common  c_w.l(btod.o)
    0x08001202   0x000000c6   Code   RO         2413    CL$$btod_e2e        c_w.l(btod.o)
    0x080012c8   0x00000028   Code   RO         2410    CL$$btod_ediv       c_w.l(btod.o)
    0x080012f0   0x00000028   Code   RO         2409    CL$$btod_emul       c_w.l(btod.o)
    0x08001318   0x00000244   Code   RO         2415    CL$$btod_mult_common  c_w.l(btod.o)
    0x0800155c   0x000000fc   Code   RO          564    i.DispAOIPContent   display.o
    0x08001658   0x00000020   Code   RO          565    i.DispAOIPFrame     display.o
    0x08001678   0x000000b0   Code   RO          566    i.DispC_IPContent   display.o
    0x08001728   0x00000010   Code   RO          567    i.DispC_IPFrame     display.o
    0x08001738   0x00000070   Code   RO          568    i.DispCorrContent   display.o
    0x080017a8   0x00000010   Code   RO          569    i.DispCorrFrame     display.o
    0x080017b8   0x00000030   Code   RO          571    i.DispMainPageCusor  display.o
    0x080017e8   0x0000002c   Code   RO          572    i.DispMainPageVu    display.o
    0x08001814   0x000000b8   Code   RO          573    i.DispPage1Content  display.o
    0x080018cc   0x00000010   Code   RO          574    i.DispPage1Frame    display.o
    0x080018dc   0x00000018   Code   RO          575    i.DispPageAlarmFrame  display.o
    0x080018f4   0x00000044   Code   RO          576    i.DispPageDelayContent  display.o
    0x08001938   0x00000058   Code   RO          577    i.DispPageMain      display.o
    0x08001990   0x0000004c   Code   RO          578    i.DispPageMeter     display.o
    0x080019dc   0x00000010   Code   RO          579    i.DispPageMeterFrame  display.o
    0x080019ec   0x00000010   Code   RO          580    i.DispPageParaFrame  display.o
    0x080019fc   0x0000012c   Code   RO          581    i.DispParaContent   display.o
    0x08001b28   0x000000ec   Code   RO          582    i.DisplayKeyLed     display.o
    0x08001c14   0x00000038   Code   RO          748    i.EXTI15_10_IRQHandler  keyled.o
    0x08001c4c   0x0000000c   Code   RO         1004    i.EXTI_ClearITPendingBit  stm32f4xx_exti.o
    0x08001c58   0x00000094   Code   RO         1009    i.EXTI_Init         stm32f4xx_exti.o
    0x08001cec   0x00000050   Code   RO          750    i.ExtInterruptInit  keyled.o
    0x08001d3c   0x00000008   Code   RO          841    i.FPGA_Init         masterspi3.o
    0x08001d44   0x0000003e   Code   RO          127    i.Fill_RAM          hg25664.o
    0x08001d82   0x00000090   Code   RO         1070    i.GPIO_Init         stm32f4xx_gpio.o
    0x08001e12   0x00000046   Code   RO         1071    i.GPIO_PinAFConfig  stm32f4xx_gpio.o
    0x08001e58   0x00000008   Code   RO         1073    i.GPIO_ReadInputData  stm32f4xx_gpio.o
    0x08001e60   0x00000012   Code   RO         1074    i.GPIO_ReadInputDataBit  stm32f4xx_gpio.o
    0x08001e72   0x00000004   Code   RO         1077    i.GPIO_ResetBits    stm32f4xx_gpio.o
    0x08001e76   0x00000004   Code   RO         1078    i.GPIO_SetBits      stm32f4xx_gpio.o
    0x08001e7a   0x00000004   Code   RO         1081    i.GPIO_Write        stm32f4xx_gpio.o
    0x08001e7e   0x0000000a   Code   RO         1082    i.GPIO_WriteBit     stm32f4xx_gpio.o
    0x08001e88   0x00000058   Code   RO          364    i.GetDelayTime      commwithfpga.o
    0x08001ee0   0x000000b0   Code   RO          365    i.GetTimePara       commwithfpga.o
    0x08001f90   0x000000fc   Code   RO          583    i.IBD_Fun           display.o
    0x0800208c   0x0000007c   Code   RO          751    i.KeySCan           keyled.o
    0x08002108   0x00000128   Code   RO          752    i.Key_Fun           keyled.o
    0x08002230   0x00000034   Code   RO          753    i.Key_Lock_Scan     keyled.o
    0x08002264   0x00000034   Code   RO          754    i.LedGPIOInit       keyled.o
    0x08002298   0x00000094   Code   RO          755    i.Led_Display       keyled.o
    0x0800232c   0x0000009c   Code   RO          756    i.Led_Driver        keyled.o
    0x080023c8   0x00000078   Code   RO          955    i.NVIC_Init         misc.o
    0x08002440   0x000001a0   Code   RO          128    i.OLED_Initialization  hg25664.o
    0x080025e0   0x00000208   Code   RO          584    i.OledContentRefresh  display.o
    0x080027e8   0x00000074   Code   RO          585    i.OledDispFrame     display.o
    0x0800285c   0x00000080   Code   RO          129    i.OledGpioInit      hg25664.o
    0x080028dc   0x00000020   Code   RO         1171    i.RCC_AHB1PeriphClockCmd  stm32f4xx_rcc.o
    0x080028fc   0x00000020   Code   RO         1180    i.RCC_APB1PeriphClockCmd  stm32f4xx_rcc.o
    0x0800291c   0x00000020   Code   RO         1182    i.RCC_APB1PeriphResetCmd  stm32f4xx_rcc.o
    0x0800293c   0x00000020   Code   RO         1183    i.RCC_APB2PeriphClockCmd  stm32f4xx_rcc.o
    0x0800295c   0x0000006c   Code   RO          366    i.ReadMode          commwithfpga.o
    0x080029c8   0x00000020   Code   RO          842    i.SPI3_ReadByte     masterspi3.o
    0x080029e8   0x00000020   Code   RO          843    i.SPI3_WriteByte    masterspi3.o
    0x08002a08   0x00000018   Code   RO         1509    i.SPI_Cmd           stm32f4xx_spi.o
    0x08002a20   0x00000012   Code   RO         1517    i.SPI_I2S_GetFlagStatus  stm32f4xx_spi.o
    0x08002a32   0x00000006   Code   RO         1520    i.SPI_I2S_ReceiveData  stm32f4xx_spi.o
    0x08002a38   0x00000004   Code   RO         1521    i.SPI_I2S_SendData  stm32f4xx_spi.o
    0x08002a3c   0x0000003c   Code   RO         1522    i.SPI_Init          stm32f4xx_spi.o
    0x08002a78   0x00000040   Code   RO         1674    i.SYSCFG_EXTILineConfig  stm32f4xx_syscfg.o
    0x08002ab8   0x0000000e   Code   RO          367    i.SendKeyValu       commwithfpga.o
    0x08002ac6   0x00000002   PAD
    0x08002ac8   0x000000ec   Code   RO          914    i.SetSysClock       system_stm32f4xx.o
    0x08002bb4   0x0000001a   Code   RO          131    i.Set_Column_Address  hg25664.o
    0x08002bce   0x00000018   Code   RO          132    i.Set_Remap_Format  hg25664.o
    0x08002be6   0x0000001a   Code   RO          133    i.Set_Row_Address   hg25664.o
    0x08002c00   0x0000000a   Code   RO          134    i.Set_Write_RAM     hg25664.o
    0x08002c0a   0x00000028   Code   RO          959    i.SysTick_CLKSourceConfig  misc.o
    0x08002c32   0x00000002   PAD
    0x08002c34   0x00000068   Code   RO          916    i.SystemInit        system_stm32f4xx.o
    0x08002c9c   0x00000088   Code   RO          586    i.WaitBoot          display.o
    0x08002d24   0x0000005c   Code   RO          135    i.WriteToOled       hg25664.o
    0x08002d80   0x00000010   Code   RO          136    i.Write_cmd         hg25664.o
    0x08002d90   0x00000010   Code   RO          137    i.Write_dat         hg25664.o
    0x08002da0   0x00000030   Code   RO         2433    i.__ARM_fpclassify  m_wm.l(fpclassify.o)
    0x08002dd0   0x0000000e   Code   RO         2318    i._is_digit         c_w.l(__printf_wp.o)
    0x08002dde   0x0000007a   Code   RO          255    i.change            dispchar.o
    0x08002e58   0x0000007c   Code   RO          369    i.convertToFloat    commwithfpga.o
    0x08002ed4   0x0000003c   Code   RO          211    i.delay_init        delay.o
    0x08002f10   0x00000038   Code   RO          212    i.delay_ms          delay.o
    0x08002f48   0x0000004c   Code   RO          213    i.delay_us          delay.o
    0x08002f94   0x0000004c   Code   RO          214    i.delay_xms         delay.o
    0x08002fe0   0x00000034   Code   RO          587    i.dispPageFont      display.o
    0x08003014   0x000000d0   Code   RO          588    i.displayDelay      display.o
    0x080030e4   0x0000006e   Code   RO          289    i.draw84Block       drawpic.o
    0x08003152   0x00000002   PAD
    0x08003154   0x00000160   Code   RO          290    i.drawBigNum        drawpic.o
    0x080032b4   0x0000002c   Code   RO          293    i.drawDelayMask     drawpic.o
    0x080032e0   0x00000126   Code   RO          294    i.drawLine          drawpic.o
    0x08003406   0x00000092   Code   RO          295    i.drawMeterBar      drawpic.o
    0x08003498   0x00000248   Code   RO          296    i.drawRect          drawpic.o
    0x080036e0   0x00000044   Code   RO          370    i.dsipaly_selvu     commwithfpga.o
    0x08003724   0x00000030   Code   RO          757    i.keyGpioInit       keyled.o
    0x08003754   0x00000048   Code   RO          758    i.key_process       keyled.o
    0x0800379c   0x00000044   Code   RO          759    i.key_sneeze_scan   keyled.o
    0x080037e0   0x0000002c   Code   RO            4    i.main              main.o
    0x0800380c   0x000000f0   Code   RO          846    i.masterSPI3_Init   masterspi3.o
    0x080038fc   0x00000064   Code   RO          372    i.readAOIPDanteName  commwithfpga.o
    0x08003960   0x00000074   Code   RO          373    i.readARMIp         commwithfpga.o
    0x080039d4   0x00000034   Code   RO          374    i.readAllVu         commwithfpga.o
    0x08003a08   0x0000003e   Code   RO          375    i.readCorrFromFpga  commwithfpga.o
    0x08003a46   0x00000002   PAD
    0x08003a48   0x00000054   Code   RO          376    i.readDanteIp       commwithfpga.o
    0x08003a9c   0x00000070   Code   RO          847    i.readFPGAReg       masterspi3.o
    0x08003b0c   0x00000034   Code   RO          378    i.readLocalDanteName  commwithfpga.o
    0x08003b40   0x00000030   Code   RO          379    i.readOutVu         commwithfpga.o
    0x08003b70   0x0000005c   Code   RO          380    i.readSrcInputStatus  commwithfpga.o
    0x08003bcc   0x00000012   Code   RO          386    i.setListenHeadPhone  commwithfpga.o
    0x08003bde   0x00000012   Code   RO          387    i.setMusic          commwithfpga.o
    0x08003bf0   0x0000004e   Code   RO          256    i.show_string       dispchar.o
    0x08003c3e   0x00000002   PAD
    0x08003c40   0x0000008c   Code   RO          389    i.vuCaculate        commwithfpga.o
    0x08003ccc   0x00000084   Code   RO          390    i.vuOutCaculate     commwithfpga.o
    0x08003d50   0x00000060   Code   RO          848    i.writeFPGAReg      masterspi3.o
    0x08003db0   0x00000070   Code   RO          257    i.write_oled8       dispchar.o
    0x08003e20   0x00000070   Code   RO          258    i.write_oled816     dispchar.o
    0x08003e90   0x0000002c   Code   RO         2429    locale$$code        c_w.l(lc_numeric_c.o)
    0x08003ebc   0x00000062   Code   RO         2340    x$fpl$d2f           fz_wm.l(d2f.o)
    0x08003f1e   0x00000002   PAD
    0x08003f20   0x000002b0   Code   RO         2343    x$fpl$ddiv          fz_wm.l(ddiv.o)
    0x080041d0   0x00000026   Code   RO         2346    x$fpl$dfltu         fz_wm.l(dflt_clz.o)
    0x080041f6   0x0000009c   Code   RO         2368    x$fpl$dnaninf       fz_wm.l(dnaninf.o)
    0x08004292   0x0000000c   Code   RO         2370    x$fpl$dretinf       fz_wm.l(dretinf.o)
    0x0800429e   0x00000002   PAD
    0x080042a0   0x00000056   Code   RO         2352    x$fpl$f2d           fz_wm.l(f2d.o)
    0x080042f6   0x0000008c   Code   RO         2372    x$fpl$fnaninf       fz_wm.l(fnaninf.o)
    0x08004382   0x0000000a   Code   RO         2499    x$fpl$fpinit        fz_wm.l(fpinit.o)
    0x0800438c   0x0000000a   Code   RO         2374    x$fpl$fretinf       fz_wm.l(fretinf.o)
    0x08004396   0x00000004   Code   RO         2354    x$fpl$printf1       fz_wm.l(printf1.o)
    0x0800439a   0x00000000   Code   RO         2376    x$fpl$usenofp       fz_wm.l(usenofp.o)
    0x0800439a   0x000008e8   Data   RO          111    .constdata          font.o
    0x08004c82   0x00000002   PAD
    0x08004c84   0x000001a8   Data   RO          344    .constdata          display_data.o
    0x08004e2c   0x00000078   Data   RO          391    .constdata          commwithfpga.o
    0x08004ea4   0x0000004c   Data   RO          590    .constdata          display.o
    0x08004ef0   0x00000094   Data   RO         2404    .constdata          c_w.l(bigflt0.o)
    0x08004f84   0x00000159   Data   RO          345    .conststring        display_data.o
    0x080050dd   0x00000003   PAD
    0x080050e0   0x00000020   Data   RO         2574    Region$$Table       anon$$obj.o
    0x08005100   0x0000001c   Data   RO         2428    locale$$data        c_w.l(lc_numeric_c.o)


    Execution Region RW_IRAM1 (Base: 0x20000000, Size: 0x00000810, Max: 0x00020000, ABSOLUTE)

    Base Addr    Size         Type   Attr      Idx    E Section Name        Object

    0x20000000   0x00000054   Data   RW          112    .data               font.o
    0x20000054   0x00000004   Data   RW          215    .data               delay.o
    0x20000058   0x00000060   Data   RW          346    .data               display_data.o
    0x200000b8   0x00000014   Data   RW          591    .data               display.o
    0x200000cc   0x00000007   Data   RW          760    .data               keyled.o
    0x200000d3   0x00000001   PAD
    0x200000d4   0x000000dc   Zero   RW          343    .bss                display_data.o
    0x200001b0   0x00000060   Zero   RW         2436    .bss                c_w.l(libspace.o)
    0x20000210   0x00000200   Zero   RW          905    HEAP                startup_stm32f40_41xxx.o
    0x20000410   0x00000400   Zero   RW          904    STACK               startup_stm32f40_41xxx.o


==============================================================================

Image component sizes


      Code (inc. data)   RO Data    RW Data    ZI Data      Debug   Object Name

      1492         84        120          0          0      12883   commwithfpga.o
       268         16          0          4          0       2199   delay.o
       424          8          0          0          0       3077   dispchar.o
      3004        310         76         20          0      15178   display.o
         0          0        769         96        220       1311   display_data.o
      1530          6          0          0          0       5104   drawpic.o
         0          0       2280         84          0        496   font.o
       816         22          0          0          0       5484   hg25664.o
      1152         96          0          7          0       7554   keyled.o
        44          0          0          0          0     271315   main.o
       520         30          0          0          0       3408   masterspi3.o
       160         14          0          0          0       1790   misc.o
        64         26        392          0       1536        840   startup_stm32f40_41xxx.o
       160         12          0          0          0       1745   stm32f4xx_exti.o
       262          0          0          0          0       5857   stm32f4xx_gpio.o
       128         24          0          0          0       2612   stm32f4xx_rcc.o
       112          0          0          0          0       3930   stm32f4xx_spi.o
        64          4          0          0          0        716   stm32f4xx_syscfg.o
       340         32          0          0          0       1565   system_stm32f4xx.o

    ----------------------------------------------------------------------
     10550        684       3674        212       1756     347064   Object Totals
         0          0         32          0          0          0   (incl. Generated)
        10          0          5          1          0          0   (incl. Padding)

    ----------------------------------------------------------------------

      Code (inc. data)   RO Data    RW Data    ZI Data      Debug   Library Member Name

         8          0          0          0          0         68   __main.o
       284          0          0          0          0        156   __printf_wp.o
         0          0          0          0          0          0   __rtentry.o
        12          0          0          0          0          0   __rtentry2.o
         6          0          0          0          0          0   __rtentry4.o
        52          8          0          0          0          0   __scatter.o
        26          0          0          0          0          0   __scatter_copy.o
        28          0          0          0          0          0   __scatter_zi.o
        44          0          0          0          0        108   _printf_char.o
        48          6          0          0          0         96   _printf_char_common.o
         6          0          0          0          0          0   _printf_d.o
       120         16          0          0          0         92   _printf_dec.o
         6          0          0          0          0          0   _printf_f.o
      1050          0          0          0          0        216   _printf_fp_dec.o
       128         16          0          0          0         84   _printf_fp_infnan.o
       178          0          0          0          0         88   _printf_intcommon.o
        78          0          0          0          0        108   _printf_pad.o
         0          0          0          0          0          0   _printf_percent.o
         4          0          0          0          0          0   _printf_percent_end.o
         6          0          0          0          0          0   _printf_s.o
        82          0          0          0          0         80   _printf_str.o
        10          0          0          0          0         68   _sputc.o
       220          4        148          0          0         96   bigflt0.o
      1910        128          0          0          0        672   btod.o
        18          0          0          0          0         80   exit.o
         6          0          0          0          0        152   heapauxi.o
         0          0          0          0          0          0   indicate_semi.o
        44         10         28          0          0         76   lc_numeric_c.o
         2          0          0          0          0          0   libinit.o
        22          0          0          0          0          0   libinit2.o
         2          0          0          0          0          0   libshutdown.o
         2          0          0          0          0          0   libshutdown2.o
         8          4          0          0         96         68   libspace.o
       138          0          0          0          0         80   lludiv10.o
        40          6          0          0          0         84   noretval__2sprintf.o
         8          4          0          0          0         68   rt_locale_intlibspace.o
       138          0          0          0          0         68   rt_memcpy_v6.o
       100          0          0          0          0         80   rt_memcpy_w.o
         2          0          0          0          0          0   rtexit.o
        10          0          0          0          0          0   rtexit2.o
       128          0          0          0          0         68   strcmpv7m.o
        12          4          0          0          0         68   sys_exit.o
        74          0          0          0          0         80   sys_stackheap_outer.o
         2          0          0          0          0         68   use_no_semi.o
        98          4          0          0          0        140   d2f.o
       688        140          0          0          0        256   ddiv.o
        38          0          0          0          0        116   dflt_clz.o
       156          4          0          0          0        140   dnaninf.o
        12          0          0          0          0        116   dretinf.o
        86          4          0          0          0        132   f2d.o
       140          4          0          0          0        132   fnaninf.o
        10          0          0          0          0        116   fpinit.o
        10          0          0          0          0        116   fretinf.o
         4          0          0          0          0        116   printf1.o
         0          0          0          0          0          0   usenofp.o
        48          0          0          0          0        124   fpclassify.o

    ----------------------------------------------------------------------
      6364        362        176          0         96       4476   Library Totals
        12          0          0          0          0          0   (incl. Padding)

    ----------------------------------------------------------------------

      Code (inc. data)   RO Data    RW Data    ZI Data      Debug   Library Name

      5062        206        176          0         96       2972   c_w.l
      1242        156          0          0          0       1380   fz_wm.l
        48          0          0          0          0        124   m_wm.l

    ----------------------------------------------------------------------
      6364        362        176          0         96       4476   Library Totals

    ----------------------------------------------------------------------

==============================================================================


      Code (inc. data)   RO Data    RW Data    ZI Data      Debug   

     16914       1046       3850        212       1852     338628   Grand Totals
     16914       1046       3850        212       1852     338628   ELF Image Totals
     16914       1046       3850        212          0          0   ROM Totals

==============================================================================

    Total RO  Size (Code + RO Data)                20764 (  20.28kB)
    Total RW  Size (RW Data + ZI Data)              2064 (   2.02kB)
    Total ROM Size (Code + RO Data + RW Data)      20976 (  20.48kB)

==============================================================================

